20:30:10 **** Incremental Build of configuration Debug for project CentralUnit ****
Info: Internal Builder is used for build
arm-atollic-eabi-gcc -c ../src/Control/ChargeState.c -mthumb -mcpu=cortex-m0plus -std=gnu11 -DSTM32L053xx -DUSE_STDPERIPH_DRIVER -DUSE_NUCLEO_L053R8 -I../src -I../src/_ST_Drivers/CMSIS/Include -I../src/_ST_Drivers/CMSIS/Device/ST/STM32L0xx/Include -I../src/_ST_Drivers/STM32L0xx_HAL_Driver/Inc -O0 -ffunction-sections -fdata-sections -g -fstack-usage -Wall -specs=nano.specs -o src/Control/ChargeState.o 
arm-atollic-eabi-gcc -o CentralUnit.elf src/Communic/CommOEvse.o src/Communic/CommWifi.o src/Communic/ScktFrame.o src/Communic/UartWifi.o src/Control/ChargeCalendar.o src/Control/ChargeState.o src/Main/CStartup.o src/Main/Identity.o src/Main/Main.o src/Main/Startup.o src/System/Clock.o src/System/Eeprom.o src/System/Error.o src/System/Timer.o src/System/syscalls.o src/System/tiny_printf.o src/_ST_Drivers/STM32L0xx_HAL_Driver/Src/stm32l0xx_hal.o src/_ST_Drivers/STM32L0xx_HAL_Driver/Src/stm32l0xx_hal_adc.o src/_ST_Drivers/STM32L0xx_HAL_Driver/Src/stm32l0xx_hal_adc_ex.o src/_ST_Drivers/STM32L0xx_HAL_Driver/Src/stm32l0xx_hal_comp.o src/_ST_Drivers/STM32L0xx_HAL_Driver/Src/stm32l0xx_hal_comp_ex.o src/_ST_Drivers/STM32L0xx_HAL_Driver/Src/stm32l0xx_hal_cortex.o src/_ST_Drivers/STM32L0xx_HAL_Driver/Src/stm32l0xx_hal_crc.o src/_ST_Drivers/STM32L0xx_HAL_Driver/Src/stm32l0xx_hal_crc_ex.o src/_ST_Drivers/STM32L0xx_HAL_Driver/Src/stm32l0xx_hal_cryp.o src/_ST_Drivers/STM32L0xx_HAL_Driver/Src/stm32l0xx_hal_cryp_ex.o src/_ST_Drivers/STM32L0xx_HAL_Driver/Src/stm32l0xx_hal_dac.o src/_ST_Drivers/STM32L0xx_HAL_Driver/Src/stm32l0xx_hal_dac_ex.o src/_ST_Drivers/STM32L0xx_HAL_Driver/Src/stm32l0xx_hal_dma.o src/_ST_Drivers/STM32L0xx_HAL_Driver/Src/stm32l0xx_hal_firewall.o src/_ST_Drivers/STM32L0xx_HAL_Driver/Src/stm32l0xx_hal_flash.o src/_ST_Drivers/STM32L0xx_HAL_Driver/Src/stm32l0xx_hal_flash_ex.o src/_ST_Drivers/STM32L0xx_HAL_Driver/Src/stm32l0xx_hal_flash_ramfunc.o src/_ST_Drivers/STM32L0xx_HAL_Driver/Src/stm32l0xx_hal_gpio.o src/_ST_Drivers/STM32L0xx_HAL_Driver/Src/stm32l0xx_hal_i2c.o src/_ST_Drivers/STM32L0xx_HAL_Driver/Src/stm32l0xx_hal_i2c_ex.o src/_ST_Drivers/STM32L0xx_HAL_Driver/Src/stm32l0xx_hal_i2s.o src/_ST_Drivers/STM32L0xx_HAL_Driver/Src/stm32l0xx_hal_irda.o src/_ST_Drivers/STM32L0xx_HAL_Driver/Src/stm32l0xx_hal_iwdg.o src/_ST_Drivers/STM32L0xx_HAL_Driver/Src/stm32l0xx_hal_lcd.o src/_ST_Drivers/STM32L0xx_HAL_Driver/Src/stm32l0xx_hal_lptim.o src/_ST_Drivers/STM32L0xx_HAL_Driver/Src/stm32l0xx_hal_msp_template.o src/_ST_Drivers/STM32L0xx_HAL_Driver/Src/stm32l0xx_hal_pcd.o src/_ST_Drivers/STM32L0xx_HAL_Driver/Src/stm32l0xx_hal_pcd_ex.o src/_ST_Drivers/STM32L0xx_HAL_Driver/Src/stm32l0xx_hal_pwr.o src/_ST_Drivers/STM32L0xx_HAL_Driver/Src/stm32l0xx_hal_pwr_ex.o src/_ST_Drivers/STM32L0xx_HAL_Driver/Src/stm32l0xx_hal_rcc.o src/_ST_Drivers/STM32L0xx_HAL_Driver/Src/stm32l0xx_hal_rcc_ex.o src/_ST_Drivers/STM32L0xx_HAL_Driver/Src/stm32l0xx_hal_rng.o src/_ST_Drivers/STM32L0xx_HAL_Driver/Src/stm32l0xx_hal_rtc.o src/_ST_Drivers/STM32L0xx_HAL_Driver/Src/stm32l0xx_hal_rtc_ex.o src/_ST_Drivers/STM32L0xx_HAL_Driver/Src/stm32l0xx_hal_smartcard.o src/_ST_Drivers/STM32L0xx_HAL_Driver/Src/stm32l0xx_hal_smartcard_ex.o src/_ST_Drivers/STM32L0xx_HAL_Driver/Src/stm32l0xx_hal_smbus.o src/_ST_Drivers/STM32L0xx_HAL_Driver/Src/stm32l0xx_hal_spi.o src/_ST_Drivers/STM32L0xx_HAL_Driver/Src/stm32l0xx_hal_tim.o src/_ST_Drivers/STM32L0xx_HAL_Driver/Src/stm32l0xx_hal_tim_ex.o src/_ST_Drivers/STM32L0xx_HAL_Driver/Src/stm32l0xx_hal_tsc.o src/_ST_Drivers/STM32L0xx_HAL_Driver/Src/stm32l0xx_hal_uart.o src/_ST_Drivers/STM32L0xx_HAL_Driver/Src/stm32l0xx_hal_uart_ex.o src/_ST_Drivers/STM32L0xx_HAL_Driver/Src/stm32l0xx_hal_usart.o src/_ST_Drivers/STM32L0xx_HAL_Driver/Src/stm32l0xx_hal_wwdg.o -mthumb -mcpu=cortex-m0plus -T../stm32_flash.ld -specs=nosys.specs -static -Wl,-cref,-u,Reset_Handler -Wl,-Map=CentralUnit.map -Wl,--gc-sections -Wl,--defsym=malloc_getpagesize_P=0x80 -Wl,--start-group -lc -lm -Wl,--end-group -specs=nano.specs 
/opt/Atollic_TrueSTUDIO_for_STM32_x86_64_9.1.0/ide/jre/bin/java -jar /opt/Atollic_TrueSTUDIO_for_STM32_x86_64_9.1.0/Tools/arm-atollic-reports.jar sizeinfo list CentralUnit.elf 
Generate build reports...
Print size information
   text	   data	    bss	    dec	    hex	filename
  29380	    112	   3708	  33200	   81b0	CentralUnit.elf
Print size information done
Generate listing file
Output sent to: CentralUnit.list
Generate listing file done
Generate build reports done
Info: Parallel threads used: 1
20:30:12 **** Incremental Build of configuration Debug for project CentralUnit ****
Info: Internal Builder is used for build
Info: Parallel threads used: 0
