19:29:50 **** Clean-only build of configuration Debug for project CentralUnit ****
rm -rf src/_ST_Drivers/STM32L0xx_HAL_Driver/Src/stm32l0xx_hal_dma.o CentralUnit src/_ST_Drivers/STM32L0xx_HAL_Driver/Src/stm32l0xx_hal_rcc.d src/_ST_Drivers/STM32L0xx_HAL_Driver/Src/stm32l0xx_hal_dma.d src/_ST_Drivers/STM32L0xx_HAL_Driver/Src/stm32l0xx_hal_flash_ramfunc.o src/Communic/CommOEvse.o src/_ST_Drivers/STM32L0xx_HAL_Driver/Src/stm32l0xx_hal_flash_ramfunc.d src/Communic/CommOEvse.d src/Main/Main.d src/_ST_Drivers/STM32L0xx_HAL_Driver/Src/stm32l0xx_hal_crc.o src/_ST_Drivers/STM32L0xx_HAL_Driver/Src/stm32l0xx_hal_crc_ex.o src/System/Timer.o src/_ST_Drivers/STM32L0xx_HAL_Driver/Src/stm32l0xx_hal_crc.d src/System/Timer.d src/_ST_Drivers/STM32L0xx_HAL_Driver/Src/stm32l0xx_hal_msp_template.o src/_ST_Drivers/STM32L0xx_HAL_Driver/Src/stm32l0xx_hal_crc_ex.d src/Main/Main.o src/_ST_Drivers/STM32L0xx_HAL_Driver/Src/stm32l0xx_hal_gpio.d src/_ST_Drivers/STM32L0xx_HAL_Driver/Src/stm32l0xx_hal_gpio.o src/_ST_Drivers/STM32L0xx_HAL_Driver/Src/stm32l0xx_hal_flash.o src/System/Error.d src/_ST_Drivers/STM32L0xx_HAL_Driver/Src/stm32l0xx_hal_comp.d src/_ST_Drivers/STM32L0xx_HAL_Driver/Src/stm32l0xx_hal_rtc_ex.o src/System/Error.o src/Control/ChargeCalendar.d src/Control/ChargeCalendar.o src/Main/CStartup.d src/_ST_Drivers/STM32L0xx_HAL_Driver/Src/stm32l0xx_hal_comp_ex.o src/Main/CStartup.o src/_ST_Drivers/STM32L0xx_HAL_Driver/Src/stm32l0xx_hal_comp_ex.d src/_ST_Drivers/STM32L0xx_HAL_Driver/Src/stm32l0xx_hal_flash.d src/System/tiny_printf.o src/_ST_Drivers/STM32L0xx_HAL_Driver/Src/stm32l0xx_hal_smartcard_ex.o src/System/tiny_printf.d src/_ST_Drivers/STM32L0xx_HAL_Driver/Src/stm32l0xx_hal_firewall.d src/_ST_Drivers/STM32L0xx_HAL_Driver/Src/stm32l0xx_hal_smartcard_ex.d CentralUnit.elf src/_ST_Drivers/STM32L0xx_HAL_Driver/Src/stm32l0xx_hal_firewall.o src/_ST_Drivers/STM32L0xx_HAL_Driver/Src/stm32l0xx_hal_comp.o src/_ST_Drivers/STM32L0xx_HAL_Driver/Src/stm32l0xx_hal_tim.o src/_ST_Drivers/STM32L0xx_HAL_Driver/Src/stm32l0xx_hal_tim.d src/_ST_Drivers/STM32L0xx_HAL_Driver/Src/stm32l0xx_hal_spi.d src/_ST_Drivers/STM32L0xx_HAL_Driver/Src/stm32l0xx_hal_adc_ex.o src/_ST_Drivers/STM32L0xx_HAL_Driver/Src/stm32l0xx_hal_rng.o src/_ST_Drivers/STM32L0xx_HAL_Driver/Src/stm32l0xx_hal_rng.d src/_ST_Drivers/STM32L0xx_HAL_Driver/Src/stm32l0xx_hal_adc_ex.d src/_ST_Drivers/STM32L0xx_HAL_Driver/Src/stm32l0xx_hal_tsc.o src/_ST_Drivers/STM32L0xx_HAL_Driver/Src/stm32l0xx_hal_tsc.d src/_ST_Drivers/STM32L0xx_HAL_Driver/Src/stm32l0xx_hal_spi.o src/_ST_Drivers/STM32L0xx_HAL_Driver/Src/stm32l0xx_hal_i2s.o src/_ST_Drivers/STM32L0xx_HAL_Driver/Src/stm32l0xx_hal_uart_ex.o src/Communic/UartWifi.o src/_ST_Drivers/STM32L0xx_HAL_Driver/Src/stm32l0xx_hal_uart_ex.d src/_ST_Drivers/STM32L0xx_HAL_Driver/Src/stm32l0xx_hal_pcd.o src/_ST_Drivers/STM32L0xx_HAL_Driver/Src/stm32l0xx_hal_dac.o src/_ST_Drivers/STM32L0xx_HAL_Driver/Src/stm32l0xx_hal_dac_ex.o src/Communic/UartWifi.d src/_ST_Drivers/STM32L0xx_HAL_Driver/Src/stm32l0xx_hal_lcd.d src/_ST_Drivers/STM32L0xx_HAL_Driver/Src/stm32l0xx_hal_dac.d src/_ST_Drivers/STM32L0xx_HAL_Driver/Src/stm32l0xx_hal_dac_ex.d src/_ST_Drivers/STM32L0xx_HAL_Driver/Src/stm32l0xx_hal_pwr.o src/_ST_Drivers/STM32L0xx_HAL_Driver/Src/stm32l0xx_hal_i2c.d src/_ST_Drivers/STM32L0xx_HAL_Driver/Src/stm32l0xx_hal_cryp.o src/_ST_Drivers/STM32L0xx_HAL_Driver/Src/stm32l0xx_hal_i2c.o src/_ST_Drivers/STM32L0xx_HAL_Driver/Src/stm32l0xx_hal_i2s.d src/_ST_Drivers/STM32L0xx_HAL_Driver/Src/stm32l0xx_hal_cryp.d src/_ST_Drivers/STM32L0xx_HAL_Driver/Src/stm32l0xx_hal_smbus.d src/_ST_Drivers/STM32L0xx_HAL_Driver/Src/stm32l0xx_hal_smartcard.d src/_ST_Drivers/STM32L0xx_HAL_Driver/Src/stm32l0xx_hal_smbus.o src/_ST_Drivers/STM32L0xx_HAL_Driver/Src/stm32l0xx_hal_i2c_ex.d src/Main/Startup.o src/_ST_Drivers/STM32L0xx_HAL_Driver/Src/stm32l0xx_hal_pwr.d src/_ST_Drivers/STM32L0xx_HAL_Driver/Src/stm32l0xx_hal_smartcard.o src/_ST_Drivers/STM32L0xx_HAL_Driver/Src/stm32l0xx_hal_lptim.d src/_ST_Drivers/STM32L0xx_HAL_Driver/Src/stm32l0xx_hal_uart.d src/Communic/ScktFrame.o src/_ST_Drivers/STM32L0xx_HAL_Driver/Src/stm32l0xx_hal_tim_ex.d src/_ST_Drivers/STM32L0xx_HAL_Driver/Src/stm32l0xx_hal_i2c_ex.o src/_ST_Drivers/STM32L0xx_HAL_Driver/Src/stm32l0xx_hal_lcd.o src/_ST_Drivers/STM32L0xx_HAL_Driver/Src/stm32l0xx_hal_wwdg.d src/_ST_Drivers/STM32L0xx_HAL_Driver/Src/stm32l0xx_hal_pcd.d src/Communic/ScktFrame.d src/_ST_Drivers/STM32L0xx_HAL_Driver/Src/stm32l0xx_hal_flash_ex.d src/_ST_Drivers/STM32L0xx_HAL_Driver/Src/stm32l0xx_hal_lptim.o src/_ST_Drivers/STM32L0xx_HAL_Driver/Src/stm32l0xx_hal_cryp_ex.d src/_ST_Drivers/STM32L0xx_HAL_Driver/Src/stm32l0xx_hal_tim_ex.o src/_ST_Drivers/STM32L0xx_HAL_Driver/Src/stm32l0xx_hal_pcd_ex.o src/_ST_Drivers/STM32L0xx_HAL_Driver/Src/stm32l0xx_hal_flash_ex.o src/_ST_Drivers/STM32L0xx_HAL_Driver/Src/stm32l0xx_hal_pcd_ex.d src/_ST_Drivers/STM32L0xx_HAL_Driver/Src/stm32l0xx_hal_wwdg.o src/_ST_Drivers/STM32L0xx_HAL_Driver/Src/stm32l0xx_hal_pwr_ex.o src/_ST_Drivers/STM32L0xx_HAL_Driver/Src/stm32l0xx_hal_irda.d src/System/Clock.o src/System/Clock.d src/_ST_Drivers/STM32L0xx_HAL_Driver/Src/stm32l0xx_hal_cryp_ex.o src/_ST_Drivers/STM32L0xx_HAL_Driver/Src/stm32l0xx_hal_pwr_ex.d src/_ST_Drivers/STM32L0xx_HAL_Driver/Src/stm32l0xx_hal_uart.o src/_ST_Drivers/STM32L0xx_HAL_Driver/Src/stm32l0xx_hal_irda.o src/_ST_Drivers/STM32L0xx_HAL_Driver/Src/stm32l0xx_hal_usart.d src/_ST_Drivers/STM32L0xx_HAL_Driver/Src/stm32l0xx_hal_rtc.o src/_ST_Drivers/STM32L0xx_HAL_Driver/Src/stm32l0xx_hal_rtc_ex.d src/_ST_Drivers/STM32L0xx_HAL_Driver/Src/stm32l0xx_hal_rcc_ex.d src/_ST_Drivers/STM32L0xx_HAL_Driver/Src/stm32l0xx_hal_usart.o src/_ST_Drivers/STM32L0xx_HAL_Driver/Src/stm32l0xx_hal_rtc.d src/System/Eeprom.d src/_ST_Drivers/STM32L0xx_HAL_Driver/Src/stm32l0xx_hal_rcc_ex.o src/Main/Identity.o src/System/Eeprom.o src/System/syscalls.o src/System/syscalls.d src/Communic/CommWifi.d src/_ST_Drivers/STM32L0xx_HAL_Driver/Src/stm32l0xx_hal_adc.d src/_ST_Drivers/STM32L0xx_HAL_Driver/Src/stm32l0xx_hal_iwdg.d src/Communic/CommWifi.o src/_ST_Drivers/STM32L0xx_HAL_Driver/Src/stm32l0xx_hal_msp_template.d src/Main/Identity.d src/_ST_Drivers/STM32L0xx_HAL_Driver/Src/stm32l0xx_hal_adc.o src/_ST_Drivers/STM32L0xx_HAL_Driver/Src/stm32l0xx_hal_iwdg.o src/_ST_Drivers/STM32L0xx_HAL_Driver/Src/stm32l0xx_hal.d src/_ST_Drivers/STM32L0xx_HAL_Driver/Src/stm32l0xx_hal_cortex.d src/_ST_Drivers/STM32L0xx_HAL_Driver/Src/stm32l0xx_hal.o src/_ST_Drivers/STM32L0xx_HAL_Driver/Src/stm32l0xx_hal_cortex.o src/_ST_Drivers/STM32L0xx_HAL_Driver/Src/stm32l0xx_hal_rcc.o 
19:29:55 **** Rebuild of configuration Debug for project CentralUnit ****
Info: Internal Builder is used for build
arm-atollic-eabi-gcc -c ../src/_ST_Drivers/STM32L0xx_HAL_Driver/Src/stm32l0xx_hal_i2s.c -mthumb -mcpu=cortex-m0plus -std=gnu11 -DSTM32L053xx -DUSE_STDPERIPH_DRIVER -DUSE_NUCLEO_L053R8 -I../src -I../src/_ST_Drivers/CMSIS/Include -I../src/_ST_Drivers/CMSIS/Device/ST/STM32L0xx/Include -I../src/_ST_Drivers/STM32L0xx_HAL_Driver/Inc -O0 -ffunction-sections -fdata-sections -g -fstack-usage -Wall -specs=nano.specs -o src/_ST_Drivers/STM32L0xx_HAL_Driver/Src/stm32l0xx_hal_i2s.o 
arm-atollic-eabi-gcc -c ../src/_ST_Drivers/STM32L0xx_HAL_Driver/Src/stm32l0xx_hal_rng.c -mthumb -mcpu=cortex-m0plus -std=gnu11 -DSTM32L053xx -DUSE_STDPERIPH_DRIVER -DUSE_NUCLEO_L053R8 -I../src -I../src/_ST_Drivers/CMSIS/Include -I../src/_ST_Drivers/CMSIS/Device/ST/STM32L0xx/Include -I../src/_ST_Drivers/STM32L0xx_HAL_Driver/Inc -O0 -ffunction-sections -fdata-sections -g -fstack-usage -Wall -specs=nano.specs -o src/_ST_Drivers/STM32L0xx_HAL_Driver/Src/stm32l0xx_hal_rng.o 
arm-atollic-eabi-gcc -c ../src/System/syscalls.c -mthumb -mcpu=cortex-m0plus -std=gnu11 -DSTM32L053xx -DUSE_STDPERIPH_DRIVER -DUSE_NUCLEO_L053R8 -I../src -I../src/_ST_Drivers/CMSIS/Include -I../src/_ST_Drivers/CMSIS/Device/ST/STM32L0xx/Include -I../src/_ST_Drivers/STM32L0xx_HAL_Driver/Inc -O0 -ffunction-sections -fdata-sections -g -fstack-usage -Wall -specs=nano.specs -o src/System/syscalls.o 
arm-atollic-eabi-gcc -c ../src/System/Eeprom.c -mthumb -mcpu=cortex-m0plus -std=gnu11 -DSTM32L053xx -DUSE_STDPERIPH_DRIVER -DUSE_NUCLEO_L053R8 -I../src -I../src/_ST_Drivers/CMSIS/Include -I../src/_ST_Drivers/CMSIS/Device/ST/STM32L0xx/Include -I../src/_ST_Drivers/STM32L0xx_HAL_Driver/Inc -O0 -ffunction-sections -fdata-sections -g -fstack-usage -Wall -specs=nano.specs -o src/System/Eeprom.o 
arm-atollic-eabi-gcc -c ../src/_ST_Drivers/STM32L0xx_HAL_Driver/Src/stm32l0xx_hal_cryp.c -mthumb -mcpu=cortex-m0plus -std=gnu11 -DSTM32L053xx -DUSE_STDPERIPH_DRIVER -DUSE_NUCLEO_L053R8 -I../src -I../src/_ST_Drivers/CMSIS/Include -I../src/_ST_Drivers/CMSIS/Device/ST/STM32L0xx/Include -I../src/_ST_Drivers/STM32L0xx_HAL_Driver/Inc -O0 -ffunction-sections -fdata-sections -g -fstack-usage -Wall -specs=nano.specs -o src/_ST_Drivers/STM32L0xx_HAL_Driver/Src/stm32l0xx_hal_cryp.o 
arm-atollic-eabi-gcc -c ../src/_ST_Drivers/STM32L0xx_HAL_Driver/Src/stm32l0xx_hal_dac.c -mthumb -mcpu=cortex-m0plus -std=gnu11 -DSTM32L053xx -DUSE_STDPERIPH_DRIVER -DUSE_NUCLEO_L053R8 -I../src -I../src/_ST_Drivers/CMSIS/Include -I../src/_ST_Drivers/CMSIS/Device/ST/STM32L0xx/Include -I../src/_ST_Drivers/STM32L0xx_HAL_Driver/Inc -O0 -ffunction-sections -fdata-sections -g -fstack-usage -Wall -specs=nano.specs -o src/_ST_Drivers/STM32L0xx_HAL_Driver/Src/stm32l0xx_hal_dac.o 
arm-atollic-eabi-gcc -c ../src/Communic/CommWifi.c -mthumb -mcpu=cortex-m0plus -std=gnu11 -DSTM32L053xx -DUSE_STDPERIPH_DRIVER -DUSE_NUCLEO_L053R8 -I../src -I../src/_ST_Drivers/CMSIS/Include -I../src/_ST_Drivers/CMSIS/Device/ST/STM32L0xx/Include -I../src/_ST_Drivers/STM32L0xx_HAL_Driver/Inc -O0 -ffunction-sections -fdata-sections -g -fstack-usage -Wall -specs=nano.specs -o src/Communic/CommWifi.o 
arm-atollic-eabi-gcc -c ../src/_ST_Drivers/STM32L0xx_HAL_Driver/Src/stm32l0xx_hal_adc_ex.c -mthumb -mcpu=cortex-m0plus -std=gnu11 -DSTM32L053xx -DUSE_STDPERIPH_DRIVER -DUSE_NUCLEO_L053R8 -I../src -I../src/_ST_Drivers/CMSIS/Include -I../src/_ST_Drivers/CMSIS/Device/ST/STM32L0xx/Include -I../src/_ST_Drivers/STM32L0xx_HAL_Driver/Inc -O0 -ffunction-sections -fdata-sections -g -fstack-usage -Wall -specs=nano.specs -o src/_ST_Drivers/STM32L0xx_HAL_Driver/Src/stm32l0xx_hal_adc_ex.o 
arm-atollic-eabi-gcc -c ../src/_ST_Drivers/STM32L0xx_HAL_Driver/Src/stm32l0xx_hal_pwr.c -mthumb -mcpu=cortex-m0plus -std=gnu11 -DSTM32L053xx -DUSE_STDPERIPH_DRIVER -DUSE_NUCLEO_L053R8 -I../src -I../src/_ST_Drivers/CMSIS/Include -I../src/_ST_Drivers/CMSIS/Device/ST/STM32L0xx/Include -I../src/_ST_Drivers/STM32L0xx_HAL_Driver/Inc -O0 -ffunction-sections -fdata-sections -g -fstack-usage -Wall -specs=nano.specs -o src/_ST_Drivers/STM32L0xx_HAL_Driver/Src/stm32l0xx_hal_pwr.o 
arm-atollic-eabi-gcc -c ../src/_ST_Drivers/STM32L0xx_HAL_Driver/Src/stm32l0xx_hal_rtc.c -mthumb -mcpu=cortex-m0plus -std=gnu11 -DSTM32L053xx -DUSE_STDPERIPH_DRIVER -DUSE_NUCLEO_L053R8 -I../src -I../src/_ST_Drivers/CMSIS/Include -I../src/_ST_Drivers/CMSIS/Device/ST/STM32L0xx/Include -I../src/_ST_Drivers/STM32L0xx_HAL_Driver/Inc -O0 -ffunction-sections -fdata-sections -g -fstack-usage -Wall -specs=nano.specs -o src/_ST_Drivers/STM32L0xx_HAL_Driver/Src/stm32l0xx_hal_rtc.o 
arm-atollic-eabi-gcc -c ../src/_ST_Drivers/STM32L0xx_HAL_Driver/Src/stm32l0xx_hal_pwr_ex.c -mthumb -mcpu=cortex-m0plus -std=gnu11 -DSTM32L053xx -DUSE_STDPERIPH_DRIVER -DUSE_NUCLEO_L053R8 -I../src -I../src/_ST_Drivers/CMSIS/Include -I../src/_ST_Drivers/CMSIS/Device/ST/STM32L0xx/Include -I../src/_ST_Drivers/STM32L0xx_HAL_Driver/Inc -O0 -ffunction-sections -fdata-sections -g -fstack-usage -Wall -specs=nano.specs -o src/_ST_Drivers/STM32L0xx_HAL_Driver/Src/stm32l0xx_hal_pwr_ex.o 
arm-atollic-eabi-gcc -c ../src/_ST_Drivers/STM32L0xx_HAL_Driver/Src/stm32l0xx_hal_rcc_ex.c -mthumb -mcpu=cortex-m0plus -std=gnu11 -DSTM32L053xx -DUSE_STDPERIPH_DRIVER -DUSE_NUCLEO_L053R8 -I../src -I../src/_ST_Drivers/CMSIS/Include -I../src/_ST_Drivers/CMSIS/Device/ST/STM32L0xx/Include -I../src/_ST_Drivers/STM32L0xx_HAL_Driver/Inc -O0 -ffunction-sections -fdata-sections -g -fstack-usage -Wall -specs=nano.specs -o src/_ST_Drivers/STM32L0xx_HAL_Driver/Src/stm32l0xx_hal_rcc_ex.o 
arm-atollic-eabi-gcc -c ../src/_ST_Drivers/STM32L0xx_HAL_Driver/Src/stm32l0xx_hal_cryp_ex.c -mthumb -mcpu=cortex-m0plus -std=gnu11 -DSTM32L053xx -DUSE_STDPERIPH_DRIVER -DUSE_NUCLEO_L053R8 -I../src -I../src/_ST_Drivers/CMSIS/Include -I../src/_ST_Drivers/CMSIS/Device/ST/STM32L0xx/Include -I../src/_ST_Drivers/STM32L0xx_HAL_Driver/Inc -O0 -ffunction-sections -fdata-sections -g -fstack-usage -Wall -specs=nano.specs -o src/_ST_Drivers/STM32L0xx_HAL_Driver/Src/stm32l0xx_hal_cryp_ex.o 
arm-atollic-eabi-gcc -c ../src/System/Timer.c -mthumb -mcpu=cortex-m0plus -std=gnu11 -DSTM32L053xx -DUSE_STDPERIPH_DRIVER -DUSE_NUCLEO_L053R8 -I../src -I../src/_ST_Drivers/CMSIS/Include -I../src/_ST_Drivers/CMSIS/Device/ST/STM32L0xx/Include -I../src/_ST_Drivers/STM32L0xx_HAL_Driver/Inc -O0 -ffunction-sections -fdata-sections -g -fstack-usage -Wall -specs=nano.specs -o src/System/Timer.o 
arm-atollic-eabi-gcc -c ../src/_ST_Drivers/STM32L0xx_HAL_Driver/Src/stm32l0xx_hal_flash_ramfunc.c -mthumb -mcpu=cortex-m0plus -std=gnu11 -DSTM32L053xx -DUSE_STDPERIPH_DRIVER -DUSE_NUCLEO_L053R8 -I../src -I../src/_ST_Drivers/CMSIS/Include -I../src/_ST_Drivers/CMSIS/Device/ST/STM32L0xx/Include -I../src/_ST_Drivers/STM32L0xx_HAL_Driver/Inc -O0 -ffunction-sections -fdata-sections -g -fstack-usage -Wall -specs=nano.specs -o src/_ST_Drivers/STM32L0xx_HAL_Driver/Src/stm32l0xx_hal_flash_ramfunc.o 
arm-atollic-eabi-gcc -c ../src/_ST_Drivers/STM32L0xx_HAL_Driver/Src/stm32l0xx_hal_comp.c -mthumb -mcpu=cortex-m0plus -std=gnu11 -DSTM32L053xx -DUSE_STDPERIPH_DRIVER -DUSE_NUCLEO_L053R8 -I../src -I../src/_ST_Drivers/CMSIS/Include -I../src/_ST_Drivers/CMSIS/Device/ST/STM32L0xx/Include -I../src/_ST_Drivers/STM32L0xx_HAL_Driver/Inc -O0 -ffunction-sections -fdata-sections -g -fstack-usage -Wall -specs=nano.specs -o src/_ST_Drivers/STM32L0xx_HAL_Driver/Src/stm32l0xx_hal_comp.o 
arm-atollic-eabi-gcc -c ../src/_ST_Drivers/STM32L0xx_HAL_Driver/Src/stm32l0xx_hal_i2c.c -mthumb -mcpu=cortex-m0plus -std=gnu11 -DSTM32L053xx -DUSE_STDPERIPH_DRIVER -DUSE_NUCLEO_L053R8 -I../src -I../src/_ST_Drivers/CMSIS/Include -I../src/_ST_Drivers/CMSIS/Device/ST/STM32L0xx/Include -I../src/_ST_Drivers/STM32L0xx_HAL_Driver/Inc -O0 -ffunction-sections -fdata-sections -g -fstack-usage -Wall -specs=nano.specs -o src/_ST_Drivers/STM32L0xx_HAL_Driver/Src/stm32l0xx_hal_i2c.o 
arm-atollic-eabi-gcc -c ../src/_ST_Drivers/STM32L0xx_HAL_Driver/Src/stm32l0xx_hal_dma.c -mthumb -mcpu=cortex-m0plus -std=gnu11 -DSTM32L053xx -DUSE_STDPERIPH_DRIVER -DUSE_NUCLEO_L053R8 -I../src -I../src/_ST_Drivers/CMSIS/Include -I../src/_ST_Drivers/CMSIS/Device/ST/STM32L0xx/Include -I../src/_ST_Drivers/STM32L0xx_HAL_Driver/Inc -O0 -ffunction-sections -fdata-sections -g -fstack-usage -Wall -specs=nano.specs -o src/_ST_Drivers/STM32L0xx_HAL_Driver/Src/stm32l0xx_hal_dma.o 
arm-atollic-eabi-gcc -c ../src/_ST_Drivers/STM32L0xx_HAL_Driver/Src/stm32l0xx_hal_wwdg.c -mthumb -mcpu=cortex-m0plus -std=gnu11 -DSTM32L053xx -DUSE_STDPERIPH_DRIVER -DUSE_NUCLEO_L053R8 -I../src -I../src/_ST_Drivers/CMSIS/Include -I../src/_ST_Drivers/CMSIS/Device/ST/STM32L0xx/Include -I../src/_ST_Drivers/STM32L0xx_HAL_Driver/Inc -O0 -ffunction-sections -fdata-sections -g -fstack-usage -Wall -specs=nano.specs -o src/_ST_Drivers/STM32L0xx_HAL_Driver/Src/stm32l0xx_hal_wwdg.o 
arm-atollic-eabi-gcc -c ../src/_ST_Drivers/STM32L0xx_HAL_Driver/Src/stm32l0xx_hal.c -mthumb -mcpu=cortex-m0plus -std=gnu11 -DSTM32L053xx -DUSE_STDPERIPH_DRIVER -DUSE_NUCLEO_L053R8 -I../src -I../src/_ST_Drivers/CMSIS/Include -I../src/_ST_Drivers/CMSIS/Device/ST/STM32L0xx/Include -I../src/_ST_Drivers/STM32L0xx_HAL_Driver/Inc -O0 -ffunction-sections -fdata-sections -g -fstack-usage -Wall -specs=nano.specs -o src/_ST_Drivers/STM32L0xx_HAL_Driver/Src/stm32l0xx_hal.o 
arm-atollic-eabi-gcc -c ../src/_ST_Drivers/STM32L0xx_HAL_Driver/Src/stm32l0xx_hal_uart.c -mthumb -mcpu=cortex-m0plus -std=gnu11 -DSTM32L053xx -DUSE_STDPERIPH_DRIVER -DUSE_NUCLEO_L053R8 -I../src -I../src/_ST_Drivers/CMSIS/Include -I../src/_ST_Drivers/CMSIS/Device/ST/STM32L0xx/Include -I../src/_ST_Drivers/STM32L0xx_HAL_Driver/Inc -O0 -ffunction-sections -fdata-sections -g -fstack-usage -Wall -specs=nano.specs -o src/_ST_Drivers/STM32L0xx_HAL_Driver/Src/stm32l0xx_hal_uart.o 
arm-atollic-eabi-gcc -c ../src/_ST_Drivers/STM32L0xx_HAL_Driver/Src/stm32l0xx_hal_irda.c -mthumb -mcpu=cortex-m0plus -std=gnu11 -DSTM32L053xx -DUSE_STDPERIPH_DRIVER -DUSE_NUCLEO_L053R8 -I../src -I../src/_ST_Drivers/CMSIS/Include -I../src/_ST_Drivers/CMSIS/Device/ST/STM32L0xx/Include -I../src/_ST_Drivers/STM32L0xx_HAL_Driver/Inc -O0 -ffunction-sections -fdata-sections -g -fstack-usage -Wall -specs=nano.specs -o src/_ST_Drivers/STM32L0xx_HAL_Driver/Src/stm32l0xx_hal_irda.o 
arm-atollic-eabi-gcc -c ../src/System/Clock.c -mthumb -mcpu=cortex-m0plus -std=gnu11 -DSTM32L053xx -DUSE_STDPERIPH_DRIVER -DUSE_NUCLEO_L053R8 -I../src -I../src/_ST_Drivers/CMSIS/Include -I../src/_ST_Drivers/CMSIS/Device/ST/STM32L0xx/Include -I../src/_ST_Drivers/STM32L0xx_HAL_Driver/Inc -O0 -ffunction-sections -fdata-sections -g -fstack-usage -Wall -specs=nano.specs -o src/System/Clock.o 
arm-atollic-eabi-gcc -c ../src/Main/Identity.c -mthumb -mcpu=cortex-m0plus -std=gnu11 -DSTM32L053xx -DUSE_STDPERIPH_DRIVER -DUSE_NUCLEO_L053R8 -I../src -I../src/_ST_Drivers/CMSIS/Include -I../src/_ST_Drivers/CMSIS/Device/ST/STM32L0xx/Include -I../src/_ST_Drivers/STM32L0xx_HAL_Driver/Inc -O0 -ffunction-sections -fdata-sections -g -fstack-usage -Wall -specs=nano.specs -o src/Main/Identity.o 
arm-atollic-eabi-gcc -c ../src/_ST_Drivers/STM32L0xx_HAL_Driver/Src/stm32l0xx_hal_flash.c -mthumb -mcpu=cortex-m0plus -std=gnu11 -DSTM32L053xx -DUSE_STDPERIPH_DRIVER -DUSE_NUCLEO_L053R8 -I../src -I../src/_ST_Drivers/CMSIS/Include -I../src/_ST_Drivers/CMSIS/Device/ST/STM32L0xx/Include -I../src/_ST_Drivers/STM32L0xx_HAL_Driver/Inc -O0 -ffunction-sections -fdata-sections -g -fstack-usage -Wall -specs=nano.specs -o src/_ST_Drivers/STM32L0xx_HAL_Driver/Src/stm32l0xx_hal_flash.o 
arm-atollic-eabi-gcc -c ../src/_ST_Drivers/STM32L0xx_HAL_Driver/Src/stm32l0xx_hal_iwdg.c -mthumb -mcpu=cortex-m0plus -std=gnu11 -DSTM32L053xx -DUSE_STDPERIPH_DRIVER -DUSE_NUCLEO_L053R8 -I../src -I../src/_ST_Drivers/CMSIS/Include -I../src/_ST_Drivers/CMSIS/Device/ST/STM32L0xx/Include -I../src/_ST_Drivers/STM32L0xx_HAL_Driver/Inc -O0 -ffunction-sections -fdata-sections -g -fstack-usage -Wall -specs=nano.specs -o src/_ST_Drivers/STM32L0xx_HAL_Driver/Src/stm32l0xx_hal_iwdg.o 
arm-atollic-eabi-gcc -c ../src/Communic/ScktFrame.c -mthumb -mcpu=cortex-m0plus -std=gnu11 -DSTM32L053xx -DUSE_STDPERIPH_DRIVER -DUSE_NUCLEO_L053R8 -I../src -I../src/_ST_Drivers/CMSIS/Include -I../src/_ST_Drivers/CMSIS/Device/ST/STM32L0xx/Include -I../src/_ST_Drivers/STM32L0xx_HAL_Driver/Inc -O0 -ffunction-sections -fdata-sections -g -fstack-usage -Wall -specs=nano.specs -o src/Communic/ScktFrame.o 
arm-atollic-eabi-gcc -c ../src/_ST_Drivers/STM32L0xx_HAL_Driver/Src/stm32l0xx_hal_smartcard_ex.c -mthumb -mcpu=cortex-m0plus -std=gnu11 -DSTM32L053xx -DUSE_STDPERIPH_DRIVER -DUSE_NUCLEO_L053R8 -I../src -I../src/_ST_Drivers/CMSIS/Include -I../src/_ST_Drivers/CMSIS/Device/ST/STM32L0xx/Include -I../src/_ST_Drivers/STM32L0xx_HAL_Driver/Inc -O0 -ffunction-sections -fdata-sections -g -fstack-usage -Wall -specs=nano.specs -o src/_ST_Drivers/STM32L0xx_HAL_Driver/Src/stm32l0xx_hal_smartcard_ex.o 
arm-atollic-eabi-gcc -c ../src/_ST_Drivers/STM32L0xx_HAL_Driver/Src/stm32l0xx_hal_usart.c -mthumb -mcpu=cortex-m0plus -std=gnu11 -DSTM32L053xx -DUSE_STDPERIPH_DRIVER -DUSE_NUCLEO_L053R8 -I../src -I../src/_ST_Drivers/CMSIS/Include -I../src/_ST_Drivers/CMSIS/Device/ST/STM32L0xx/Include -I../src/_ST_Drivers/STM32L0xx_HAL_Driver/Inc -O0 -ffunction-sections -fdata-sections -g -fstack-usage -Wall -specs=nano.specs -o src/_ST_Drivers/STM32L0xx_HAL_Driver/Src/stm32l0xx_hal_usart.o 
arm-atollic-eabi-gcc -c ../src/System/Error.c -mthumb -mcpu=cortex-m0plus -std=gnu11 -DSTM32L053xx -DUSE_STDPERIPH_DRIVER -DUSE_NUCLEO_L053R8 -I../src -I../src/_ST_Drivers/CMSIS/Include -I../src/_ST_Drivers/CMSIS/Device/ST/STM32L0xx/Include -I../src/_ST_Drivers/STM32L0xx_HAL_Driver/Inc -O0 -ffunction-sections -fdata-sections -g -fstack-usage -Wall -specs=nano.specs -o src/System/Error.o 
arm-atollic-eabi-gcc -c ../src/_ST_Drivers/STM32L0xx_HAL_Driver/Src/stm32l0xx_hal_lptim.c -mthumb -mcpu=cortex-m0plus -std=gnu11 -DSTM32L053xx -DUSE_STDPERIPH_DRIVER -DUSE_NUCLEO_L053R8 -I../src -I../src/_ST_Drivers/CMSIS/Include -I../src/_ST_Drivers/CMSIS/Device/ST/STM32L0xx/Include -I../src/_ST_Drivers/STM32L0xx_HAL_Driver/Inc -O0 -ffunction-sections -fdata-sections -g -fstack-usage -Wall -specs=nano.specs -o src/_ST_Drivers/STM32L0xx_HAL_Driver/Src/stm32l0xx_hal_lptim.o 
arm-atollic-eabi-gcc -c ../src/Main/Main.c -mthumb -mcpu=cortex-m0plus -std=gnu11 -DSTM32L053xx -DUSE_STDPERIPH_DRIVER -DUSE_NUCLEO_L053R8 -I../src -I../src/_ST_Drivers/CMSIS/Include -I../src/_ST_Drivers/CMSIS/Device/ST/STM32L0xx/Include -I../src/_ST_Drivers/STM32L0xx_HAL_Driver/Inc -O0 -ffunction-sections -fdata-sections -g -fstack-usage -Wall -specs=nano.specs -o src/Main/Main.o 
arm-atollic-eabi-gcc -c ../src/_ST_Drivers/STM32L0xx_HAL_Driver/Src/stm32l0xx_hal_firewall.c -mthumb -mcpu=cortex-m0plus -std=gnu11 -DSTM32L053xx -DUSE_STDPERIPH_DRIVER -DUSE_NUCLEO_L053R8 -I../src -I../src/_ST_Drivers/CMSIS/Include -I../src/_ST_Drivers/CMSIS/Device/ST/STM32L0xx/Include -I../src/_ST_Drivers/STM32L0xx_HAL_Driver/Inc -O0 -ffunction-sections -fdata-sections -g -fstack-usage -Wall -specs=nano.specs -o src/_ST_Drivers/STM32L0xx_HAL_Driver/Src/stm32l0xx_hal_firewall.o 
arm-atollic-eabi-gcc -c ../src/_ST_Drivers/STM32L0xx_HAL_Driver/Src/stm32l0xx_hal_smbus.c -mthumb -mcpu=cortex-m0plus -std=gnu11 -DSTM32L053xx -DUSE_STDPERIPH_DRIVER -DUSE_NUCLEO_L053R8 -I../src -I../src/_ST_Drivers/CMSIS/Include -I../src/_ST_Drivers/CMSIS/Device/ST/STM32L0xx/Include -I../src/_ST_Drivers/STM32L0xx_HAL_Driver/Inc -O0 -ffunction-sections -fdata-sections -g -fstack-usage -Wall -specs=nano.specs -o src/_ST_Drivers/STM32L0xx_HAL_Driver/Src/stm32l0xx_hal_smbus.o 
arm-atollic-eabi-gcc -c ../src/_ST_Drivers/STM32L0xx_HAL_Driver/Src/stm32l0xx_hal_adc.c -mthumb -mcpu=cortex-m0plus -std=gnu11 -DSTM32L053xx -DUSE_STDPERIPH_DRIVER -DUSE_NUCLEO_L053R8 -I../src -I../src/_ST_Drivers/CMSIS/Include -I../src/_ST_Drivers/CMSIS/Device/ST/STM32L0xx/Include -I../src/_ST_Drivers/STM32L0xx_HAL_Driver/Inc -O0 -ffunction-sections -fdata-sections -g -fstack-usage -Wall -specs=nano.specs -o src/_ST_Drivers/STM32L0xx_HAL_Driver/Src/stm32l0xx_hal_adc.o 
arm-atollic-eabi-gcc -c ../src/_ST_Drivers/STM32L0xx_HAL_Driver/Src/stm32l0xx_hal_dac_ex.c -mthumb -mcpu=cortex-m0plus -std=gnu11 -DSTM32L053xx -DUSE_STDPERIPH_DRIVER -DUSE_NUCLEO_L053R8 -I../src -I../src/_ST_Drivers/CMSIS/Include -I../src/_ST_Drivers/CMSIS/Device/ST/STM32L0xx/Include -I../src/_ST_Drivers/STM32L0xx_HAL_Driver/Inc -O0 -ffunction-sections -fdata-sections -g -fstack-usage -Wall -specs=nano.specs -o src/_ST_Drivers/STM32L0xx_HAL_Driver/Src/stm32l0xx_hal_dac_ex.o 
arm-atollic-eabi-gcc -c ../src/Control/ChargeCalendar.c -mthumb -mcpu=cortex-m0plus -std=gnu11 -DSTM32L053xx -DUSE_STDPERIPH_DRIVER -DUSE_NUCLEO_L053R8 -I../src -I../src/_ST_Drivers/CMSIS/Include -I../src/_ST_Drivers/CMSIS/Device/ST/STM32L0xx/Include -I../src/_ST_Drivers/STM32L0xx_HAL_Driver/Inc -O0 -ffunction-sections -fdata-sections -g -fstack-usage -Wall -specs=nano.specs -o src/Control/ChargeCalendar.o 
arm-atollic-eabi-gcc -c ../src/_ST_Drivers/STM32L0xx_HAL_Driver/Src/stm32l0xx_hal_pcd.c -mthumb -mcpu=cortex-m0plus -std=gnu11 -DSTM32L053xx -DUSE_STDPERIPH_DRIVER -DUSE_NUCLEO_L053R8 -I../src -I../src/_ST_Drivers/CMSIS/Include -I../src/_ST_Drivers/CMSIS/Device/ST/STM32L0xx/Include -I../src/_ST_Drivers/STM32L0xx_HAL_Driver/Inc -O0 -ffunction-sections -fdata-sections -g -fstack-usage -Wall -specs=nano.specs -o src/_ST_Drivers/STM32L0xx_HAL_Driver/Src/stm32l0xx_hal_pcd.o 
arm-atollic-eabi-gcc -c ../src/Communic/CommOEvse.c -mthumb -mcpu=cortex-m0plus -std=gnu11 -DSTM32L053xx -DUSE_STDPERIPH_DRIVER -DUSE_NUCLEO_L053R8 -I../src -I../src/_ST_Drivers/CMSIS/Include -I../src/_ST_Drivers/CMSIS/Device/ST/STM32L0xx/Include -I../src/_ST_Drivers/STM32L0xx_HAL_Driver/Inc -O0 -ffunction-sections -fdata-sections -g -fstack-usage -Wall -specs=nano.specs -o src/Communic/CommOEvse.o 
arm-atollic-eabi-gcc -c ../src/_ST_Drivers/STM32L0xx_HAL_Driver/Src/stm32l0xx_hal_lcd.c -mthumb -mcpu=cortex-m0plus -std=gnu11 -DSTM32L053xx -DUSE_STDPERIPH_DRIVER -DUSE_NUCLEO_L053R8 -I../src -I../src/_ST_Drivers/CMSIS/Include -I../src/_ST_Drivers/CMSIS/Device/ST/STM32L0xx/Include -I../src/_ST_Drivers/STM32L0xx_HAL_Driver/Inc -O0 -ffunction-sections -fdata-sections -g -fstack-usage -Wall -specs=nano.specs -o src/_ST_Drivers/STM32L0xx_HAL_Driver/Src/stm32l0xx_hal_lcd.o 
arm-atollic-eabi-gcc -c ../src/_ST_Drivers/STM32L0xx_HAL_Driver/Src/stm32l0xx_hal_crc_ex.c -mthumb -mcpu=cortex-m0plus -std=gnu11 -DSTM32L053xx -DUSE_STDPERIPH_DRIVER -DUSE_NUCLEO_L053R8 -I../src -I../src/_ST_Drivers/CMSIS/Include -I../src/_ST_Drivers/CMSIS/Device/ST/STM32L0xx/Include -I../src/_ST_Drivers/STM32L0xx_HAL_Driver/Inc -O0 -ffunction-sections -fdata-sections -g -fstack-usage -Wall -specs=nano.specs -o src/_ST_Drivers/STM32L0xx_HAL_Driver/Src/stm32l0xx_hal_crc_ex.o 
arm-atollic-eabi-gcc -c ../src/_ST_Drivers/STM32L0xx_HAL_Driver/Src/stm32l0xx_hal_gpio.c -mthumb -mcpu=cortex-m0plus -std=gnu11 -DSTM32L053xx -DUSE_STDPERIPH_DRIVER -DUSE_NUCLEO_L053R8 -I../src -I../src/_ST_Drivers/CMSIS/Include -I../src/_ST_Drivers/CMSIS/Device/ST/STM32L0xx/Include -I../src/_ST_Drivers/STM32L0xx_HAL_Driver/Inc -O0 -ffunction-sections -fdata-sections -g -fstack-usage -Wall -specs=nano.specs -o src/_ST_Drivers/STM32L0xx_HAL_Driver/Src/stm32l0xx_hal_gpio.o 
arm-atollic-eabi-gcc -c -mthumb -mcpu=cortex-m0plus -DSTM32L053xx -DUSE_STDPERIPH_DRIVER -DUSE_NUCLEO_L053R8 -I../src -I../src/_ST_Drivers/CMSIS/Include -I../src/_ST_Drivers/STM32L0xx_HAL_Driver/Inc -I../src/_ST_Drivers/CMSIS/Device/ST/STM32L0xx/Include -g -Wa,--warn -x assembler-with-cpp -specs=nano.specs -o src/Main/Startup.o ../src/Main/Startup.s 
arm-atollic-eabi-gcc -c ../src/Communic/UartWifi.c -mthumb -mcpu=cortex-m0plus -std=gnu11 -DSTM32L053xx -DUSE_STDPERIPH_DRIVER -DUSE_NUCLEO_L053R8 -I../src -I../src/_ST_Drivers/CMSIS/Include -I../src/_ST_Drivers/CMSIS/Device/ST/STM32L0xx/Include -I../src/_ST_Drivers/STM32L0xx_HAL_Driver/Inc -O0 -ffunction-sections -fdata-sections -g -fstack-usage -Wall -specs=nano.specs -o src/Communic/UartWifi.o 
arm-atollic-eabi-gcc -c ../src/Main/CStartup.c -mthumb -mcpu=cortex-m0plus -std=gnu11 -DSTM32L053xx -DUSE_STDPERIPH_DRIVER -DUSE_NUCLEO_L053R8 -I../src -I../src/_ST_Drivers/CMSIS/Include -I../src/_ST_Drivers/CMSIS/Device/ST/STM32L0xx/Include -I../src/_ST_Drivers/STM32L0xx_HAL_Driver/Inc -O0 -ffunction-sections -fdata-sections -g -fstack-usage -Wall -specs=nano.specs -o src/Main/CStartup.o 
arm-atollic-eabi-gcc -c ../src/_ST_Drivers/STM32L0xx_HAL_Driver/Src/stm32l0xx_hal_i2c_ex.c -mthumb -mcpu=cortex-m0plus -std=gnu11 -DSTM32L053xx -DUSE_STDPERIPH_DRIVER -DUSE_NUCLEO_L053R8 -I../src -I../src/_ST_Drivers/CMSIS/Include -I../src/_ST_Drivers/CMSIS/Device/ST/STM32L0xx/Include -I../src/_ST_Drivers/STM32L0xx_HAL_Driver/Inc -O0 -ffunction-sections -fdata-sections -g -fstack-usage -Wall -specs=nano.specs -o src/_ST_Drivers/STM32L0xx_HAL_Driver/Src/stm32l0xx_hal_i2c_ex.o 
arm-atollic-eabi-gcc -c ../src/_ST_Drivers/STM32L0xx_HAL_Driver/Src/stm32l0xx_hal_tim_ex.c -mthumb -mcpu=cortex-m0plus -std=gnu11 -DSTM32L053xx -DUSE_STDPERIPH_DRIVER -DUSE_NUCLEO_L053R8 -I../src -I../src/_ST_Drivers/CMSIS/Include -I../src/_ST_Drivers/CMSIS/Device/ST/STM32L0xx/Include -I../src/_ST_Drivers/STM32L0xx_HAL_Driver/Inc -O0 -ffunction-sections -fdata-sections -g -fstack-usage -Wall -specs=nano.specs -o src/_ST_Drivers/STM32L0xx_HAL_Driver/Src/stm32l0xx_hal_tim_ex.o 
arm-atollic-eabi-gcc -c ../src/_ST_Drivers/STM32L0xx_HAL_Driver/Src/stm32l0xx_hal_crc.c -mthumb -mcpu=cortex-m0plus -std=gnu11 -DSTM32L053xx -DUSE_STDPERIPH_DRIVER -DUSE_NUCLEO_L053R8 -I../src -I../src/_ST_Drivers/CMSIS/Include -I../src/_ST_Drivers/CMSIS/Device/ST/STM32L0xx/Include -I../src/_ST_Drivers/STM32L0xx_HAL_Driver/Inc -O0 -ffunction-sections -fdata-sections -g -fstack-usage -Wall -specs=nano.specs -o src/_ST_Drivers/STM32L0xx_HAL_Driver/Src/stm32l0xx_hal_crc.o 
arm-atollic-eabi-gcc -c ../src/_ST_Drivers/STM32L0xx_HAL_Driver/Src/stm32l0xx_hal_cortex.c -mthumb -mcpu=cortex-m0plus -std=gnu11 -DSTM32L053xx -DUSE_STDPERIPH_DRIVER -DUSE_NUCLEO_L053R8 -I../src -I../src/_ST_Drivers/CMSIS/Include -I../src/_ST_Drivers/CMSIS/Device/ST/STM32L0xx/Include -I../src/_ST_Drivers/STM32L0xx_HAL_Driver/Inc -O0 -ffunction-sections -fdata-sections -g -fstack-usage -Wall -specs=nano.specs -o src/_ST_Drivers/STM32L0xx_HAL_Driver/Src/stm32l0xx_hal_cortex.o 
arm-atollic-eabi-gcc -c ../src/_ST_Drivers/STM32L0xx_HAL_Driver/Src/stm32l0xx_hal_msp_template.c -mthumb -mcpu=cortex-m0plus -std=gnu11 -DSTM32L053xx -DUSE_STDPERIPH_DRIVER -DUSE_NUCLEO_L053R8 -I../src -I../src/_ST_Drivers/CMSIS/Include -I../src/_ST_Drivers/CMSIS/Device/ST/STM32L0xx/Include -I../src/_ST_Drivers/STM32L0xx_HAL_Driver/Inc -O0 -ffunction-sections -fdata-sections -g -fstack-usage -Wall -specs=nano.specs -o src/_ST_Drivers/STM32L0xx_HAL_Driver/Src/stm32l0xx_hal_msp_template.o 
arm-atollic-eabi-gcc -c ../src/_ST_Drivers/STM32L0xx_HAL_Driver/Src/stm32l0xx_hal_flash_ex.c -mthumb -mcpu=cortex-m0plus -std=gnu11 -DSTM32L053xx -DUSE_STDPERIPH_DRIVER -DUSE_NUCLEO_L053R8 -I../src -I../src/_ST_Drivers/CMSIS/Include -I../src/_ST_Drivers/CMSIS/Device/ST/STM32L0xx/Include -I../src/_ST_Drivers/STM32L0xx_HAL_Driver/Inc -O0 -ffunction-sections -fdata-sections -g -fstack-usage -Wall -specs=nano.specs -o src/_ST_Drivers/STM32L0xx_HAL_Driver/Src/stm32l0xx_hal_flash_ex.o 
arm-atollic-eabi-gcc -c ../src/_ST_Drivers/STM32L0xx_HAL_Driver/Src/stm32l0xx_hal_spi.c -mthumb -mcpu=cortex-m0plus -std=gnu11 -DSTM32L053xx -DUSE_STDPERIPH_DRIVER -DUSE_NUCLEO_L053R8 -I../src -I../src/_ST_Drivers/CMSIS/Include -I../src/_ST_Drivers/CMSIS/Device/ST/STM32L0xx/Include -I../src/_ST_Drivers/STM32L0xx_HAL_Driver/Inc -O0 -ffunction-sections -fdata-sections -g -fstack-usage -Wall -specs=nano.specs -o src/_ST_Drivers/STM32L0xx_HAL_Driver/Src/stm32l0xx_hal_spi.o 
arm-atollic-eabi-gcc -c ../src/_ST_Drivers/STM32L0xx_HAL_Driver/Src/stm32l0xx_hal_uart_ex.c -mthumb -mcpu=cortex-m0plus -std=gnu11 -DSTM32L053xx -DUSE_STDPERIPH_DRIVER -DUSE_NUCLEO_L053R8 -I../src -I../src/_ST_Drivers/CMSIS/Include -I../src/_ST_Drivers/CMSIS/Device/ST/STM32L0xx/Include -I../src/_ST_Drivers/STM32L0xx_HAL_Driver/Inc -O0 -ffunction-sections -fdata-sections -g -fstack-usage -Wall -specs=nano.specs -o src/_ST_Drivers/STM32L0xx_HAL_Driver/Src/stm32l0xx_hal_uart_ex.o 
arm-atollic-eabi-gcc -c ../src/_ST_Drivers/STM32L0xx_HAL_Driver/Src/stm32l0xx_hal_rcc.c -mthumb -mcpu=cortex-m0plus -std=gnu11 -DSTM32L053xx -DUSE_STDPERIPH_DRIVER -DUSE_NUCLEO_L053R8 -I../src -I../src/_ST_Drivers/CMSIS/Include -I../src/_ST_Drivers/CMSIS/Device/ST/STM32L0xx/Include -I../src/_ST_Drivers/STM32L0xx_HAL_Driver/Inc -O0 -ffunction-sections -fdata-sections -g -fstack-usage -Wall -specs=nano.specs -o src/_ST_Drivers/STM32L0xx_HAL_Driver/Src/stm32l0xx_hal_rcc.o 
arm-atollic-eabi-gcc -c ../src/_ST_Drivers/STM32L0xx_HAL_Driver/Src/stm32l0xx_hal_smartcard.c -mthumb -mcpu=cortex-m0plus -std=gnu11 -DSTM32L053xx -DUSE_STDPERIPH_DRIVER -DUSE_NUCLEO_L053R8 -I../src -I../src/_ST_Drivers/CMSIS/Include -I../src/_ST_Drivers/CMSIS/Device/ST/STM32L0xx/Include -I../src/_ST_Drivers/STM32L0xx_HAL_Driver/Inc -O0 -ffunction-sections -fdata-sections -g -fstack-usage -Wall -specs=nano.specs -o src/_ST_Drivers/STM32L0xx_HAL_Driver/Src/stm32l0xx_hal_smartcard.o 
arm-atollic-eabi-gcc -c ../src/_ST_Drivers/STM32L0xx_HAL_Driver/Src/stm32l0xx_hal_pcd_ex.c -mthumb -mcpu=cortex-m0plus -std=gnu11 -DSTM32L053xx -DUSE_STDPERIPH_DRIVER -DUSE_NUCLEO_L053R8 -I../src -I../src/_ST_Drivers/CMSIS/Include -I../src/_ST_Drivers/CMSIS/Device/ST/STM32L0xx/Include -I../src/_ST_Drivers/STM32L0xx_HAL_Driver/Inc -O0 -ffunction-sections -fdata-sections -g -fstack-usage -Wall -specs=nano.specs -o src/_ST_Drivers/STM32L0xx_HAL_Driver/Src/stm32l0xx_hal_pcd_ex.o 
arm-atollic-eabi-gcc -c ../src/_ST_Drivers/STM32L0xx_HAL_Driver/Src/stm32l0xx_hal_tsc.c -mthumb -mcpu=cortex-m0plus -std=gnu11 -DSTM32L053xx -DUSE_STDPERIPH_DRIVER -DUSE_NUCLEO_L053R8 -I../src -I../src/_ST_Drivers/CMSIS/Include -I../src/_ST_Drivers/CMSIS/Device/ST/STM32L0xx/Include -I../src/_ST_Drivers/STM32L0xx_HAL_Driver/Inc -O0 -ffunction-sections -fdata-sections -g -fstack-usage -Wall -specs=nano.specs -o src/_ST_Drivers/STM32L0xx_HAL_Driver/Src/stm32l0xx_hal_tsc.o 
arm-atollic-eabi-gcc -c ../src/System/tiny_printf.c -mthumb -mcpu=cortex-m0plus -std=gnu11 -DSTM32L053xx -DUSE_STDPERIPH_DRIVER -DUSE_NUCLEO_L053R8 -I../src -I../src/_ST_Drivers/CMSIS/Include -I../src/_ST_Drivers/CMSIS/Device/ST/STM32L0xx/Include -I../src/_ST_Drivers/STM32L0xx_HAL_Driver/Inc -O0 -ffunction-sections -fdata-sections -g -fstack-usage -Wall -specs=nano.specs -o src/System/tiny_printf.o 
arm-atollic-eabi-gcc -c ../src/_ST_Drivers/STM32L0xx_HAL_Driver/Src/stm32l0xx_hal_comp_ex.c -mthumb -mcpu=cortex-m0plus -std=gnu11 -DSTM32L053xx -DUSE_STDPERIPH_DRIVER -DUSE_NUCLEO_L053R8 -I../src -I../src/_ST_Drivers/CMSIS/Include -I../src/_ST_Drivers/CMSIS/Device/ST/STM32L0xx/Include -I../src/_ST_Drivers/STM32L0xx_HAL_Driver/Inc -O0 -ffunction-sections -fdata-sections -g -fstack-usage -Wall -specs=nano.specs -o src/_ST_Drivers/STM32L0xx_HAL_Driver/Src/stm32l0xx_hal_comp_ex.o 
arm-atollic-eabi-gcc -c ../src/_ST_Drivers/STM32L0xx_HAL_Driver/Src/stm32l0xx_hal_rtc_ex.c -mthumb -mcpu=cortex-m0plus -std=gnu11 -DSTM32L053xx -DUSE_STDPERIPH_DRIVER -DUSE_NUCLEO_L053R8 -I../src -I../src/_ST_Drivers/CMSIS/Include -I../src/_ST_Drivers/CMSIS/Device/ST/STM32L0xx/Include -I../src/_ST_Drivers/STM32L0xx_HAL_Driver/Inc -O0 -ffunction-sections -fdata-sections -g -fstack-usage -Wall -specs=nano.specs -o src/_ST_Drivers/STM32L0xx_HAL_Driver/Src/stm32l0xx_hal_rtc_ex.o 
arm-atollic-eabi-gcc -c ../src/_ST_Drivers/STM32L0xx_HAL_Driver/Src/stm32l0xx_hal_tim.c -mthumb -mcpu=cortex-m0plus -std=gnu11 -DSTM32L053xx -DUSE_STDPERIPH_DRIVER -DUSE_NUCLEO_L053R8 -I../src -I../src/_ST_Drivers/CMSIS/Include -I../src/_ST_Drivers/CMSIS/Device/ST/STM32L0xx/Include -I../src/_ST_Drivers/STM32L0xx_HAL_Driver/Inc -O0 -ffunction-sections -fdata-sections -g -fstack-usage -Wall -specs=nano.specs -o src/_ST_Drivers/STM32L0xx_HAL_Driver/Src/stm32l0xx_hal_tim.o 
arm-atollic-eabi-gcc -o CentralUnit.elf src/Communic/CommOEvse.o src/Communic/CommWifi.o src/Communic/ScktFrame.o src/Communic/UartWifi.o src/Control/ChargeCalendar.o src/Main/CStartup.o src/Main/Identity.o src/Main/Main.o src/Main/Startup.o src/System/Clock.o src/System/Eeprom.o src/System/Error.o src/System/Timer.o src/System/syscalls.o src/System/tiny_printf.o src/_ST_Drivers/STM32L0xx_HAL_Driver/Src/stm32l0xx_hal.o src/_ST_Drivers/STM32L0xx_HAL_Driver/Src/stm32l0xx_hal_adc.o src/_ST_Drivers/STM32L0xx_HAL_Driver/Src/stm32l0xx_hal_adc_ex.o src/_ST_Drivers/STM32L0xx_HAL_Driver/Src/stm32l0xx_hal_comp.o src/_ST_Drivers/STM32L0xx_HAL_Driver/Src/stm32l0xx_hal_comp_ex.o src/_ST_Drivers/STM32L0xx_HAL_Driver/Src/stm32l0xx_hal_cortex.o src/_ST_Drivers/STM32L0xx_HAL_Driver/Src/stm32l0xx_hal_crc.o src/_ST_Drivers/STM32L0xx_HAL_Driver/Src/stm32l0xx_hal_crc_ex.o src/_ST_Drivers/STM32L0xx_HAL_Driver/Src/stm32l0xx_hal_cryp.o src/_ST_Drivers/STM32L0xx_HAL_Driver/Src/stm32l0xx_hal_cryp_ex.o src/_ST_Drivers/STM32L0xx_HAL_Driver/Src/stm32l0xx_hal_dac.o src/_ST_Drivers/STM32L0xx_HAL_Driver/Src/stm32l0xx_hal_dac_ex.o src/_ST_Drivers/STM32L0xx_HAL_Driver/Src/stm32l0xx_hal_dma.o src/_ST_Drivers/STM32L0xx_HAL_Driver/Src/stm32l0xx_hal_firewall.o src/_ST_Drivers/STM32L0xx_HAL_Driver/Src/stm32l0xx_hal_flash.o src/_ST_Drivers/STM32L0xx_HAL_Driver/Src/stm32l0xx_hal_flash_ex.o src/_ST_Drivers/STM32L0xx_HAL_Driver/Src/stm32l0xx_hal_flash_ramfunc.o src/_ST_Drivers/STM32L0xx_HAL_Driver/Src/stm32l0xx_hal_gpio.o src/_ST_Drivers/STM32L0xx_HAL_Driver/Src/stm32l0xx_hal_i2c.o src/_ST_Drivers/STM32L0xx_HAL_Driver/Src/stm32l0xx_hal_i2c_ex.o src/_ST_Drivers/STM32L0xx_HAL_Driver/Src/stm32l0xx_hal_i2s.o src/_ST_Drivers/STM32L0xx_HAL_Driver/Src/stm32l0xx_hal_irda.o src/_ST_Drivers/STM32L0xx_HAL_Driver/Src/stm32l0xx_hal_iwdg.o src/_ST_Drivers/STM32L0xx_HAL_Driver/Src/stm32l0xx_hal_lcd.o src/_ST_Drivers/STM32L0xx_HAL_Driver/Src/stm32l0xx_hal_lptim.o src/_ST_Drivers/STM32L0xx_HAL_Driver/Src/stm32l0xx_hal_msp_template.o src/_ST_Drivers/STM32L0xx_HAL_Driver/Src/stm32l0xx_hal_pcd.o src/_ST_Drivers/STM32L0xx_HAL_Driver/Src/stm32l0xx_hal_pcd_ex.o src/_ST_Drivers/STM32L0xx_HAL_Driver/Src/stm32l0xx_hal_pwr.o src/_ST_Drivers/STM32L0xx_HAL_Driver/Src/stm32l0xx_hal_pwr_ex.o src/_ST_Drivers/STM32L0xx_HAL_Driver/Src/stm32l0xx_hal_rcc.o src/_ST_Drivers/STM32L0xx_HAL_Driver/Src/stm32l0xx_hal_rcc_ex.o src/_ST_Drivers/STM32L0xx_HAL_Driver/Src/stm32l0xx_hal_rng.o src/_ST_Drivers/STM32L0xx_HAL_Driver/Src/stm32l0xx_hal_rtc.o src/_ST_Drivers/STM32L0xx_HAL_Driver/Src/stm32l0xx_hal_rtc_ex.o src/_ST_Drivers/STM32L0xx_HAL_Driver/Src/stm32l0xx_hal_smartcard.o src/_ST_Drivers/STM32L0xx_HAL_Driver/Src/stm32l0xx_hal_smartcard_ex.o src/_ST_Drivers/STM32L0xx_HAL_Driver/Src/stm32l0xx_hal_smbus.o src/_ST_Drivers/STM32L0xx_HAL_Driver/Src/stm32l0xx_hal_spi.o src/_ST_Drivers/STM32L0xx_HAL_Driver/Src/stm32l0xx_hal_tim.o src/_ST_Drivers/STM32L0xx_HAL_Driver/Src/stm32l0xx_hal_tim_ex.o src/_ST_Drivers/STM32L0xx_HAL_Driver/Src/stm32l0xx_hal_tsc.o src/_ST_Drivers/STM32L0xx_HAL_Driver/Src/stm32l0xx_hal_uart.o src/_ST_Drivers/STM32L0xx_HAL_Driver/Src/stm32l0xx_hal_uart_ex.o src/_ST_Drivers/STM32L0xx_HAL_Driver/Src/stm32l0xx_hal_usart.o src/_ST_Drivers/STM32L0xx_HAL_Driver/Src/stm32l0xx_hal_wwdg.o -mthumb -mcpu=cortex-m0plus -T../stm32_flash.ld -specs=nosys.specs -static -Wl,-cref,-u,Reset_Handler -Wl,-Map=CentralUnit.map -Wl,--gc-sections -Wl,--defsym=malloc_getpagesize_P=0x80 -Wl,--start-group -lc -lm -Wl,--end-group -specs=nano.specs 
/opt/Atollic_TrueSTUDIO_for_STM32_x86_64_9.0.0/ide/jre/bin/java -jar /opt/Atollic_TrueSTUDIO_for_STM32_x86_64_9.0.0/Tools/arm-atollic-reports.jar sizeinfo list CentralUnit.elf 
Generate build reports...
Print size information
   text	   data	    bss	    dec	    hex	filename
  26872	    112	   3572	  30556	   775c	CentralUnit.elf
Print size information done
Generate listing file
Output sent to: CentralUnit.list
Generate listing file done
Generate build reports done
Info: Parallel threads used: 8
19:31:06 **** Incremental Build of configuration Debug for project CentralUnit ****
Info: Internal Builder is used for build
Info: Parallel threads used: 0
19:31:49 **** Incremental Build of configuration Debug for project CentralUnit ****
Info: Internal Builder is used for build
Info: Parallel threads used: 0
19:36:19 **** Rebuild of configuration Debug for project CentralUnit ****
Info: Internal Builder is used for build
arm-atollic-eabi-gcc -c ../src/_ST_Drivers/STM32L0xx_HAL_Driver/Src/stm32l0xx_hal_adc.c -mthumb -mcpu=cortex-m0plus -std=gnu11 -DSTM32L053xx -DUSE_STDPERIPH_DRIVER -DUSE_NUCLEO_L053R8 -I../src -I../src/_ST_Drivers/CMSIS/Include -I../src/_ST_Drivers/CMSIS/Device/ST/STM32L0xx/Include -I../src/_ST_Drivers/STM32L0xx_HAL_Driver/Inc -O0 -ffunction-sections -fdata-sections -g -fstack-usage -Wall -specs=nano.specs -o src/_ST_Drivers/STM32L0xx_HAL_Driver/Src/stm32l0xx_hal_adc.o 
arm-atollic-eabi-gcc -c ../src/Communic/CommWifi.c -mthumb -mcpu=cortex-m0plus -std=gnu11 -DSTM32L053xx -DUSE_STDPERIPH_DRIVER -DUSE_NUCLEO_L053R8 -I../src -I../src/_ST_Drivers/CMSIS/Include -I../src/_ST_Drivers/CMSIS/Device/ST/STM32L0xx/Include -I../src/_ST_Drivers/STM32L0xx_HAL_Driver/Inc -O0 -ffunction-sections -fdata-sections -g -fstack-usage -Wall -specs=nano.specs -o src/Communic/CommWifi.o 
arm-atollic-eabi-gcc -c ../src/_ST_Drivers/STM32L0xx_HAL_Driver/Src/stm32l0xx_hal_rcc_ex.c -mthumb -mcpu=cortex-m0plus -std=gnu11 -DSTM32L053xx -DUSE_STDPERIPH_DRIVER -DUSE_NUCLEO_L053R8 -I../src -I../src/_ST_Drivers/CMSIS/Include -I../src/_ST_Drivers/CMSIS/Device/ST/STM32L0xx/Include -I../src/_ST_Drivers/STM32L0xx_HAL_Driver/Inc -O0 -ffunction-sections -fdata-sections -g -fstack-usage -Wall -specs=nano.specs -o src/_ST_Drivers/STM32L0xx_HAL_Driver/Src/stm32l0xx_hal_rcc_ex.o 
arm-atollic-eabi-gcc -c ../src/_ST_Drivers/STM32L0xx_HAL_Driver/Src/stm32l0xx_hal_crc.c -mthumb -mcpu=cortex-m0plus -std=gnu11 -DSTM32L053xx -DUSE_STDPERIPH_DRIVER -DUSE_NUCLEO_L053R8 -I../src -I../src/_ST_Drivers/CMSIS/Include -I../src/_ST_Drivers/CMSIS/Device/ST/STM32L0xx/Include -I../src/_ST_Drivers/STM32L0xx_HAL_Driver/Inc -O0 -ffunction-sections -fdata-sections -g -fstack-usage -Wall -specs=nano.specs -o src/_ST_Drivers/STM32L0xx_HAL_Driver/Src/stm32l0xx_hal_crc.o 
arm-atollic-eabi-gcc -c ../src/_ST_Drivers/STM32L0xx_HAL_Driver/Src/stm32l0xx_hal_i2c.c -mthumb -mcpu=cortex-m0plus -std=gnu11 -DSTM32L053xx -DUSE_STDPERIPH_DRIVER -DUSE_NUCLEO_L053R8 -I../src -I../src/_ST_Drivers/CMSIS/Include -I../src/_ST_Drivers/CMSIS/Device/ST/STM32L0xx/Include -I../src/_ST_Drivers/STM32L0xx_HAL_Driver/Inc -O0 -ffunction-sections -fdata-sections -g -fstack-usage -Wall -specs=nano.specs -o src/_ST_Drivers/STM32L0xx_HAL_Driver/Src/stm32l0xx_hal_i2c.o 
arm-atollic-eabi-gcc -c ../src/System/Eeprom.c -mthumb -mcpu=cortex-m0plus -std=gnu11 -DSTM32L053xx -DUSE_STDPERIPH_DRIVER -DUSE_NUCLEO_L053R8 -I../src -I../src/_ST_Drivers/CMSIS/Include -I../src/_ST_Drivers/CMSIS/Device/ST/STM32L0xx/Include -I../src/_ST_Drivers/STM32L0xx_HAL_Driver/Inc -O0 -ffunction-sections -fdata-sections -g -fstack-usage -Wall -specs=nano.specs -o src/System/Eeprom.o 
arm-atollic-eabi-gcc -c ../src/_ST_Drivers/STM32L0xx_HAL_Driver/Src/stm32l0xx_hal_smartcard_ex.c -mthumb -mcpu=cortex-m0plus -std=gnu11 -DSTM32L053xx -DUSE_STDPERIPH_DRIVER -DUSE_NUCLEO_L053R8 -I../src -I../src/_ST_Drivers/CMSIS/Include -I../src/_ST_Drivers/CMSIS/Device/ST/STM32L0xx/Include -I../src/_ST_Drivers/STM32L0xx_HAL_Driver/Inc -O0 -ffunction-sections -fdata-sections -g -fstack-usage -Wall -specs=nano.specs -o src/_ST_Drivers/STM32L0xx_HAL_Driver/Src/stm32l0xx_hal_smartcard_ex.o 
arm-atollic-eabi-gcc -c ../src/_ST_Drivers/STM32L0xx_HAL_Driver/Src/stm32l0xx_hal_tim_ex.c -mthumb -mcpu=cortex-m0plus -std=gnu11 -DSTM32L053xx -DUSE_STDPERIPH_DRIVER -DUSE_NUCLEO_L053R8 -I../src -I../src/_ST_Drivers/CMSIS/Include -I../src/_ST_Drivers/CMSIS/Device/ST/STM32L0xx/Include -I../src/_ST_Drivers/STM32L0xx_HAL_Driver/Inc -O0 -ffunction-sections -fdata-sections -g -fstack-usage -Wall -specs=nano.specs -o src/_ST_Drivers/STM32L0xx_HAL_Driver/Src/stm32l0xx_hal_tim_ex.o 
arm-atollic-eabi-gcc -c ../src/System/syscalls.c -mthumb -mcpu=cortex-m0plus -std=gnu11 -DSTM32L053xx -DUSE_STDPERIPH_DRIVER -DUSE_NUCLEO_L053R8 -I../src -I../src/_ST_Drivers/CMSIS/Include -I../src/_ST_Drivers/CMSIS/Device/ST/STM32L0xx/Include -I../src/_ST_Drivers/STM32L0xx_HAL_Driver/Inc -O0 -ffunction-sections -fdata-sections -g -fstack-usage -Wall -specs=nano.specs -o src/System/syscalls.o 
arm-atollic-eabi-gcc -c ../src/_ST_Drivers/STM32L0xx_HAL_Driver/Src/stm32l0xx_hal_smbus.c -mthumb -mcpu=cortex-m0plus -std=gnu11 -DSTM32L053xx -DUSE_STDPERIPH_DRIVER -DUSE_NUCLEO_L053R8 -I../src -I../src/_ST_Drivers/CMSIS/Include -I../src/_ST_Drivers/CMSIS/Device/ST/STM32L0xx/Include -I../src/_ST_Drivers/STM32L0xx_HAL_Driver/Inc -O0 -ffunction-sections -fdata-sections -g -fstack-usage -Wall -specs=nano.specs -o src/_ST_Drivers/STM32L0xx_HAL_Driver/Src/stm32l0xx_hal_smbus.o 
arm-atollic-eabi-gcc -c ../src/_ST_Drivers/STM32L0xx_HAL_Driver/Src/stm32l0xx_hal_usart.c -mthumb -mcpu=cortex-m0plus -std=gnu11 -DSTM32L053xx -DUSE_STDPERIPH_DRIVER -DUSE_NUCLEO_L053R8 -I../src -I../src/_ST_Drivers/CMSIS/Include -I../src/_ST_Drivers/CMSIS/Device/ST/STM32L0xx/Include -I../src/_ST_Drivers/STM32L0xx_HAL_Driver/Inc -O0 -ffunction-sections -fdata-sections -g -fstack-usage -Wall -specs=nano.specs -o src/_ST_Drivers/STM32L0xx_HAL_Driver/Src/stm32l0xx_hal_usart.o 
arm-atollic-eabi-gcc -c ../src/_ST_Drivers/STM32L0xx_HAL_Driver/Src/stm32l0xx_hal_dac_ex.c -mthumb -mcpu=cortex-m0plus -std=gnu11 -DSTM32L053xx -DUSE_STDPERIPH_DRIVER -DUSE_NUCLEO_L053R8 -I../src -I../src/_ST_Drivers/CMSIS/Include -I../src/_ST_Drivers/CMSIS/Device/ST/STM32L0xx/Include -I../src/_ST_Drivers/STM32L0xx_HAL_Driver/Inc -O0 -ffunction-sections -fdata-sections -g -fstack-usage -Wall -specs=nano.specs -o src/_ST_Drivers/STM32L0xx_HAL_Driver/Src/stm32l0xx_hal_dac_ex.o 
arm-atollic-eabi-gcc -c ../src/_ST_Drivers/STM32L0xx_HAL_Driver/Src/stm32l0xx_hal_firewall.c -mthumb -mcpu=cortex-m0plus -std=gnu11 -DSTM32L053xx -DUSE_STDPERIPH_DRIVER -DUSE_NUCLEO_L053R8 -I../src -I../src/_ST_Drivers/CMSIS/Include -I../src/_ST_Drivers/CMSIS/Device/ST/STM32L0xx/Include -I../src/_ST_Drivers/STM32L0xx_HAL_Driver/Inc -O0 -ffunction-sections -fdata-sections -g -fstack-usage -Wall -specs=nano.specs -o src/_ST_Drivers/STM32L0xx_HAL_Driver/Src/stm32l0xx_hal_firewall.o 
arm-atollic-eabi-gcc -c ../src/_ST_Drivers/STM32L0xx_HAL_Driver/Src/stm32l0xx_hal_flash.c -mthumb -mcpu=cortex-m0plus -std=gnu11 -DSTM32L053xx -DUSE_STDPERIPH_DRIVER -DUSE_NUCLEO_L053R8 -I../src -I../src/_ST_Drivers/CMSIS/Include -I../src/_ST_Drivers/CMSIS/Device/ST/STM32L0xx/Include -I../src/_ST_Drivers/STM32L0xx_HAL_Driver/Inc -O0 -ffunction-sections -fdata-sections -g -fstack-usage -Wall -specs=nano.specs -o src/_ST_Drivers/STM32L0xx_HAL_Driver/Src/stm32l0xx_hal_flash.o 
arm-atollic-eabi-gcc -c ../src/_ST_Drivers/STM32L0xx_HAL_Driver/Src/stm32l0xx_hal_tim.c -mthumb -mcpu=cortex-m0plus -std=gnu11 -DSTM32L053xx -DUSE_STDPERIPH_DRIVER -DUSE_NUCLEO_L053R8 -I../src -I../src/_ST_Drivers/CMSIS/Include -I../src/_ST_Drivers/CMSIS/Device/ST/STM32L0xx/Include -I../src/_ST_Drivers/STM32L0xx_HAL_Driver/Inc -O0 -ffunction-sections -fdata-sections -g -fstack-usage -Wall -specs=nano.specs -o src/_ST_Drivers/STM32L0xx_HAL_Driver/Src/stm32l0xx_hal_tim.o 
arm-atollic-eabi-gcc -c ../src/_ST_Drivers/STM32L0xx_HAL_Driver/Src/stm32l0xx_hal_rtc_ex.c -mthumb -mcpu=cortex-m0plus -std=gnu11 -DSTM32L053xx -DUSE_STDPERIPH_DRIVER -DUSE_NUCLEO_L053R8 -I../src -I../src/_ST_Drivers/CMSIS/Include -I../src/_ST_Drivers/CMSIS/Device/ST/STM32L0xx/Include -I../src/_ST_Drivers/STM32L0xx_HAL_Driver/Inc -O0 -ffunction-sections -fdata-sections -g -fstack-usage -Wall -specs=nano.specs -o src/_ST_Drivers/STM32L0xx_HAL_Driver/Src/stm32l0xx_hal_rtc_ex.o 
arm-atollic-eabi-gcc -c ../src/_ST_Drivers/STM32L0xx_HAL_Driver/Src/stm32l0xx_hal_adc_ex.c -mthumb -mcpu=cortex-m0plus -std=gnu11 -DSTM32L053xx -DUSE_STDPERIPH_DRIVER -DUSE_NUCLEO_L053R8 -I../src -I../src/_ST_Drivers/CMSIS/Include -I../src/_ST_Drivers/CMSIS/Device/ST/STM32L0xx/Include -I../src/_ST_Drivers/STM32L0xx_HAL_Driver/Inc -O0 -ffunction-sections -fdata-sections -g -fstack-usage -Wall -specs=nano.specs -o src/_ST_Drivers/STM32L0xx_HAL_Driver/Src/stm32l0xx_hal_adc_ex.o 
arm-atollic-eabi-gcc -c ../src/_ST_Drivers/STM32L0xx_HAL_Driver/Src/stm32l0xx_hal_wwdg.c -mthumb -mcpu=cortex-m0plus -std=gnu11 -DSTM32L053xx -DUSE_STDPERIPH_DRIVER -DUSE_NUCLEO_L053R8 -I../src -I../src/_ST_Drivers/CMSIS/Include -I../src/_ST_Drivers/CMSIS/Device/ST/STM32L0xx/Include -I../src/_ST_Drivers/STM32L0xx_HAL_Driver/Inc -O0 -ffunction-sections -fdata-sections -g -fstack-usage -Wall -specs=nano.specs -o src/_ST_Drivers/STM32L0xx_HAL_Driver/Src/stm32l0xx_hal_wwdg.o 
arm-atollic-eabi-gcc -c ../src/_ST_Drivers/STM32L0xx_HAL_Driver/Src/stm32l0xx_hal_pcd.c -mthumb -mcpu=cortex-m0plus -std=gnu11 -DSTM32L053xx -DUSE_STDPERIPH_DRIVER -DUSE_NUCLEO_L053R8 -I../src -I../src/_ST_Drivers/CMSIS/Include -I../src/_ST_Drivers/CMSIS/Device/ST/STM32L0xx/Include -I../src/_ST_Drivers/STM32L0xx_HAL_Driver/Inc -O0 -ffunction-sections -fdata-sections -g -fstack-usage -Wall -specs=nano.specs -o src/_ST_Drivers/STM32L0xx_HAL_Driver/Src/stm32l0xx_hal_pcd.o 
arm-atollic-eabi-gcc -c ../src/System/Error.c -mthumb -mcpu=cortex-m0plus -std=gnu11 -DSTM32L053xx -DUSE_STDPERIPH_DRIVER -DUSE_NUCLEO_L053R8 -I../src -I../src/_ST_Drivers/CMSIS/Include -I../src/_ST_Drivers/CMSIS/Device/ST/STM32L0xx/Include -I../src/_ST_Drivers/STM32L0xx_HAL_Driver/Inc -O0 -ffunction-sections -fdata-sections -g -fstack-usage -Wall -specs=nano.specs -o src/System/Error.o 
arm-atollic-eabi-gcc -c ../src/Main/Identity.c -mthumb -mcpu=cortex-m0plus -std=gnu11 -DSTM32L053xx -DUSE_STDPERIPH_DRIVER -DUSE_NUCLEO_L053R8 -I../src -I../src/_ST_Drivers/CMSIS/Include -I../src/_ST_Drivers/CMSIS/Device/ST/STM32L0xx/Include -I../src/_ST_Drivers/STM32L0xx_HAL_Driver/Inc -O0 -ffunction-sections -fdata-sections -g -fstack-usage -Wall -specs=nano.specs -o src/Main/Identity.o 
arm-atollic-eabi-gcc -c ../src/_ST_Drivers/STM32L0xx_HAL_Driver/Src/stm32l0xx_hal_flash_ex.c -mthumb -mcpu=cortex-m0plus -std=gnu11 -DSTM32L053xx -DUSE_STDPERIPH_DRIVER -DUSE_NUCLEO_L053R8 -I../src -I../src/_ST_Drivers/CMSIS/Include -I../src/_ST_Drivers/CMSIS/Device/ST/STM32L0xx/Include -I../src/_ST_Drivers/STM32L0xx_HAL_Driver/Inc -O0 -ffunction-sections -fdata-sections -g -fstack-usage -Wall -specs=nano.specs -o src/_ST_Drivers/STM32L0xx_HAL_Driver/Src/stm32l0xx_hal_flash_ex.o 
arm-atollic-eabi-gcc -c ../src/_ST_Drivers/STM32L0xx_HAL_Driver/Src/stm32l0xx_hal_rtc.c -mthumb -mcpu=cortex-m0plus -std=gnu11 -DSTM32L053xx -DUSE_STDPERIPH_DRIVER -DUSE_NUCLEO_L053R8 -I../src -I../src/_ST_Drivers/CMSIS/Include -I../src/_ST_Drivers/CMSIS/Device/ST/STM32L0xx/Include -I../src/_ST_Drivers/STM32L0xx_HAL_Driver/Inc -O0 -ffunction-sections -fdata-sections -g -fstack-usage -Wall -specs=nano.specs -o src/_ST_Drivers/STM32L0xx_HAL_Driver/Src/stm32l0xx_hal_rtc.o 
arm-atollic-eabi-gcc -c ../src/_ST_Drivers/STM32L0xx_HAL_Driver/Src/stm32l0xx_hal_comp_ex.c -mthumb -mcpu=cortex-m0plus -std=gnu11 -DSTM32L053xx -DUSE_STDPERIPH_DRIVER -DUSE_NUCLEO_L053R8 -I../src -I../src/_ST_Drivers/CMSIS/Include -I../src/_ST_Drivers/CMSIS/Device/ST/STM32L0xx/Include -I../src/_ST_Drivers/STM32L0xx_HAL_Driver/Inc -O0 -ffunction-sections -fdata-sections -g -fstack-usage -Wall -specs=nano.specs -o src/_ST_Drivers/STM32L0xx_HAL_Driver/Src/stm32l0xx_hal_comp_ex.o 
arm-atollic-eabi-gcc -c ../src/_ST_Drivers/STM32L0xx_HAL_Driver/Src/stm32l0xx_hal_flash_ramfunc.c -mthumb -mcpu=cortex-m0plus -std=gnu11 -DSTM32L053xx -DUSE_STDPERIPH_DRIVER -DUSE_NUCLEO_L053R8 -I../src -I../src/_ST_Drivers/CMSIS/Include -I../src/_ST_Drivers/CMSIS/Device/ST/STM32L0xx/Include -I../src/_ST_Drivers/STM32L0xx_HAL_Driver/Inc -O0 -ffunction-sections -fdata-sections -g -fstack-usage -Wall -specs=nano.specs -o src/_ST_Drivers/STM32L0xx_HAL_Driver/Src/stm32l0xx_hal_flash_ramfunc.o 
arm-atollic-eabi-gcc -c ../src/_ST_Drivers/STM32L0xx_HAL_Driver/Src/stm32l0xx_hal.c -mthumb -mcpu=cortex-m0plus -std=gnu11 -DSTM32L053xx -DUSE_STDPERIPH_DRIVER -DUSE_NUCLEO_L053R8 -I../src -I../src/_ST_Drivers/CMSIS/Include -I../src/_ST_Drivers/CMSIS/Device/ST/STM32L0xx/Include -I../src/_ST_Drivers/STM32L0xx_HAL_Driver/Inc -O0 -ffunction-sections -fdata-sections -g -fstack-usage -Wall -specs=nano.specs -o src/_ST_Drivers/STM32L0xx_HAL_Driver/Src/stm32l0xx_hal.o 
arm-atollic-eabi-gcc -c ../src/_ST_Drivers/STM32L0xx_HAL_Driver/Src/stm32l0xx_hal_uart_ex.c -mthumb -mcpu=cortex-m0plus -std=gnu11 -DSTM32L053xx -DUSE_STDPERIPH_DRIVER -DUSE_NUCLEO_L053R8 -I../src -I../src/_ST_Drivers/CMSIS/Include -I../src/_ST_Drivers/CMSIS/Device/ST/STM32L0xx/Include -I../src/_ST_Drivers/STM32L0xx_HAL_Driver/Inc -O0 -ffunction-sections -fdata-sections -g -fstack-usage -Wall -specs=nano.specs -o src/_ST_Drivers/STM32L0xx_HAL_Driver/Src/stm32l0xx_hal_uart_ex.o 
arm-atollic-eabi-gcc -c ../src/_ST_Drivers/STM32L0xx_HAL_Driver/Src/stm32l0xx_hal_pwr_ex.c -mthumb -mcpu=cortex-m0plus -std=gnu11 -DSTM32L053xx -DUSE_STDPERIPH_DRIVER -DUSE_NUCLEO_L053R8 -I../src -I../src/_ST_Drivers/CMSIS/Include -I../src/_ST_Drivers/CMSIS/Device/ST/STM32L0xx/Include -I../src/_ST_Drivers/STM32L0xx_HAL_Driver/Inc -O0 -ffunction-sections -fdata-sections -g -fstack-usage -Wall -specs=nano.specs -o src/_ST_Drivers/STM32L0xx_HAL_Driver/Src/stm32l0xx_hal_pwr_ex.o 
arm-atollic-eabi-gcc -c ../src/_ST_Drivers/STM32L0xx_HAL_Driver/Src/stm32l0xx_hal_crc_ex.c -mthumb -mcpu=cortex-m0plus -std=gnu11 -DSTM32L053xx -DUSE_STDPERIPH_DRIVER -DUSE_NUCLEO_L053R8 -I../src -I../src/_ST_Drivers/CMSIS/Include -I../src/_ST_Drivers/CMSIS/Device/ST/STM32L0xx/Include -I../src/_ST_Drivers/STM32L0xx_HAL_Driver/Inc -O0 -ffunction-sections -fdata-sections -g -fstack-usage -Wall -specs=nano.specs -o src/_ST_Drivers/STM32L0xx_HAL_Driver/Src/stm32l0xx_hal_crc_ex.o 
arm-atollic-eabi-gcc -c ../src/Communic/ScktFrame.c -mthumb -mcpu=cortex-m0plus -std=gnu11 -DSTM32L053xx -DUSE_STDPERIPH_DRIVER -DUSE_NUCLEO_L053R8 -I../src -I../src/_ST_Drivers/CMSIS/Include -I../src/_ST_Drivers/CMSIS/Device/ST/STM32L0xx/Include -I../src/_ST_Drivers/STM32L0xx_HAL_Driver/Inc -O0 -ffunction-sections -fdata-sections -g -fstack-usage -Wall -specs=nano.specs -o src/Communic/ScktFrame.o 
arm-atollic-eabi-gcc -c ../src/_ST_Drivers/STM32L0xx_HAL_Driver/Src/stm32l0xx_hal_comp.c -mthumb -mcpu=cortex-m0plus -std=gnu11 -DSTM32L053xx -DUSE_STDPERIPH_DRIVER -DUSE_NUCLEO_L053R8 -I../src -I../src/_ST_Drivers/CMSIS/Include -I../src/_ST_Drivers/CMSIS/Device/ST/STM32L0xx/Include -I../src/_ST_Drivers/STM32L0xx_HAL_Driver/Inc -O0 -ffunction-sections -fdata-sections -g -fstack-usage -Wall -specs=nano.specs -o src/_ST_Drivers/STM32L0xx_HAL_Driver/Src/stm32l0xx_hal_comp.o 
arm-atollic-eabi-gcc -c ../src/_ST_Drivers/STM32L0xx_HAL_Driver/Src/stm32l0xx_hal_irda.c -mthumb -mcpu=cortex-m0plus -std=gnu11 -DSTM32L053xx -DUSE_STDPERIPH_DRIVER -DUSE_NUCLEO_L053R8 -I../src -I../src/_ST_Drivers/CMSIS/Include -I../src/_ST_Drivers/CMSIS/Device/ST/STM32L0xx/Include -I../src/_ST_Drivers/STM32L0xx_HAL_Driver/Inc -O0 -ffunction-sections -fdata-sections -g -fstack-usage -Wall -specs=nano.specs -o src/_ST_Drivers/STM32L0xx_HAL_Driver/Src/stm32l0xx_hal_irda.o 
arm-atollic-eabi-gcc -c ../src/_ST_Drivers/STM32L0xx_HAL_Driver/Src/stm32l0xx_hal_cortex.c -mthumb -mcpu=cortex-m0plus -std=gnu11 -DSTM32L053xx -DUSE_STDPERIPH_DRIVER -DUSE_NUCLEO_L053R8 -I../src -I../src/_ST_Drivers/CMSIS/Include -I../src/_ST_Drivers/CMSIS/Device/ST/STM32L0xx/Include -I../src/_ST_Drivers/STM32L0xx_HAL_Driver/Inc -O0 -ffunction-sections -fdata-sections -g -fstack-usage -Wall -specs=nano.specs -o src/_ST_Drivers/STM32L0xx_HAL_Driver/Src/stm32l0xx_hal_cortex.o 
arm-atollic-eabi-gcc -c ../src/System/Clock.c -mthumb -mcpu=cortex-m0plus -std=gnu11 -DSTM32L053xx -DUSE_STDPERIPH_DRIVER -DUSE_NUCLEO_L053R8 -I../src -I../src/_ST_Drivers/CMSIS/Include -I../src/_ST_Drivers/CMSIS/Device/ST/STM32L0xx/Include -I../src/_ST_Drivers/STM32L0xx_HAL_Driver/Inc -O0 -ffunction-sections -fdata-sections -g -fstack-usage -Wall -specs=nano.specs -o src/System/Clock.o 
arm-atollic-eabi-gcc -c ../src/_ST_Drivers/STM32L0xx_HAL_Driver/Src/stm32l0xx_hal_pwr.c -mthumb -mcpu=cortex-m0plus -std=gnu11 -DSTM32L053xx -DUSE_STDPERIPH_DRIVER -DUSE_NUCLEO_L053R8 -I../src -I../src/_ST_Drivers/CMSIS/Include -I../src/_ST_Drivers/CMSIS/Device/ST/STM32L0xx/Include -I../src/_ST_Drivers/STM32L0xx_HAL_Driver/Inc -O0 -ffunction-sections -fdata-sections -g -fstack-usage -Wall -specs=nano.specs -o src/_ST_Drivers/STM32L0xx_HAL_Driver/Src/stm32l0xx_hal_pwr.o 
arm-atollic-eabi-gcc -c ../src/_ST_Drivers/STM32L0xx_HAL_Driver/Src/stm32l0xx_hal_uart.c -mthumb -mcpu=cortex-m0plus -std=gnu11 -DSTM32L053xx -DUSE_STDPERIPH_DRIVER -DUSE_NUCLEO_L053R8 -I../src -I../src/_ST_Drivers/CMSIS/Include -I../src/_ST_Drivers/CMSIS/Device/ST/STM32L0xx/Include -I../src/_ST_Drivers/STM32L0xx_HAL_Driver/Inc -O0 -ffunction-sections -fdata-sections -g -fstack-usage -Wall -specs=nano.specs -o src/_ST_Drivers/STM32L0xx_HAL_Driver/Src/stm32l0xx_hal_uart.o 
arm-atollic-eabi-gcc -c ../src/_ST_Drivers/STM32L0xx_HAL_Driver/Src/stm32l0xx_hal_msp_template.c -mthumb -mcpu=cortex-m0plus -std=gnu11 -DSTM32L053xx -DUSE_STDPERIPH_DRIVER -DUSE_NUCLEO_L053R8 -I../src -I../src/_ST_Drivers/CMSIS/Include -I../src/_ST_Drivers/CMSIS/Device/ST/STM32L0xx/Include -I../src/_ST_Drivers/STM32L0xx_HAL_Driver/Inc -O0 -ffunction-sections -fdata-sections -g -fstack-usage -Wall -specs=nano.specs -o src/_ST_Drivers/STM32L0xx_HAL_Driver/Src/stm32l0xx_hal_msp_template.o 
arm-atollic-eabi-gcc -c ../src/Main/CStartup.c -mthumb -mcpu=cortex-m0plus -std=gnu11 -DSTM32L053xx -DUSE_STDPERIPH_DRIVER -DUSE_NUCLEO_L053R8 -I../src -I../src/_ST_Drivers/CMSIS/Include -I../src/_ST_Drivers/CMSIS/Device/ST/STM32L0xx/Include -I../src/_ST_Drivers/STM32L0xx_HAL_Driver/Inc -O0 -ffunction-sections -fdata-sections -g -fstack-usage -Wall -specs=nano.specs -o src/Main/CStartup.o 
arm-atollic-eabi-gcc -c ../src/_ST_Drivers/STM32L0xx_HAL_Driver/Src/stm32l0xx_hal_i2c_ex.c -mthumb -mcpu=cortex-m0plus -std=gnu11 -DSTM32L053xx -DUSE_STDPERIPH_DRIVER -DUSE_NUCLEO_L053R8 -I../src -I../src/_ST_Drivers/CMSIS/Include -I../src/_ST_Drivers/CMSIS/Device/ST/STM32L0xx/Include -I../src/_ST_Drivers/STM32L0xx_HAL_Driver/Inc -O0 -ffunction-sections -fdata-sections -g -fstack-usage -Wall -specs=nano.specs -o src/_ST_Drivers/STM32L0xx_HAL_Driver/Src/stm32l0xx_hal_i2c_ex.o 
arm-atollic-eabi-gcc -c -mthumb -mcpu=cortex-m0plus -DSTM32L053xx -DUSE_STDPERIPH_DRIVER -DUSE_NUCLEO_L053R8 -I../src -I../src/_ST_Drivers/CMSIS/Include -I../src/_ST_Drivers/STM32L0xx_HAL_Driver/Inc -I../src/_ST_Drivers/CMSIS/Device/ST/STM32L0xx/Include -g -Wa,--warn -x assembler-with-cpp -specs=nano.specs -o src/Main/Startup.o ../src/Main/Startup.s 
arm-atollic-eabi-gcc -c ../src/_ST_Drivers/STM32L0xx_HAL_Driver/Src/stm32l0xx_hal_cryp_ex.c -mthumb -mcpu=cortex-m0plus -std=gnu11 -DSTM32L053xx -DUSE_STDPERIPH_DRIVER -DUSE_NUCLEO_L053R8 -I../src -I../src/_ST_Drivers/CMSIS/Include -I../src/_ST_Drivers/CMSIS/Device/ST/STM32L0xx/Include -I../src/_ST_Drivers/STM32L0xx_HAL_Driver/Inc -O0 -ffunction-sections -fdata-sections -g -fstack-usage -Wall -specs=nano.specs -o src/_ST_Drivers/STM32L0xx_HAL_Driver/Src/stm32l0xx_hal_cryp_ex.o 
arm-atollic-eabi-gcc -c ../src/System/Timer.c -mthumb -mcpu=cortex-m0plus -std=gnu11 -DSTM32L053xx -DUSE_STDPERIPH_DRIVER -DUSE_NUCLEO_L053R8 -I../src -I../src/_ST_Drivers/CMSIS/Include -I../src/_ST_Drivers/CMSIS/Device/ST/STM32L0xx/Include -I../src/_ST_Drivers/STM32L0xx_HAL_Driver/Inc -O0 -ffunction-sections -fdata-sections -g -fstack-usage -Wall -specs=nano.specs -o src/System/Timer.o 
arm-atollic-eabi-gcc -c ../src/_ST_Drivers/STM32L0xx_HAL_Driver/Src/stm32l0xx_hal_i2s.c -mthumb -mcpu=cortex-m0plus -std=gnu11 -DSTM32L053xx -DUSE_STDPERIPH_DRIVER -DUSE_NUCLEO_L053R8 -I../src -I../src/_ST_Drivers/CMSIS/Include -I../src/_ST_Drivers/CMSIS/Device/ST/STM32L0xx/Include -I../src/_ST_Drivers/STM32L0xx_HAL_Driver/Inc -O0 -ffunction-sections -fdata-sections -g -fstack-usage -Wall -specs=nano.specs -o src/_ST_Drivers/STM32L0xx_HAL_Driver/Src/stm32l0xx_hal_i2s.o 
arm-atollic-eabi-gcc -c ../src/_ST_Drivers/STM32L0xx_HAL_Driver/Src/stm32l0xx_hal_lcd.c -mthumb -mcpu=cortex-m0plus -std=gnu11 -DSTM32L053xx -DUSE_STDPERIPH_DRIVER -DUSE_NUCLEO_L053R8 -I../src -I../src/_ST_Drivers/CMSIS/Include -I../src/_ST_Drivers/CMSIS/Device/ST/STM32L0xx/Include -I../src/_ST_Drivers/STM32L0xx_HAL_Driver/Inc -O0 -ffunction-sections -fdata-sections -g -fstack-usage -Wall -specs=nano.specs -o src/_ST_Drivers/STM32L0xx_HAL_Driver/Src/stm32l0xx_hal_lcd.o 
arm-atollic-eabi-gcc -c ../src/System/tiny_printf.c -mthumb -mcpu=cortex-m0plus -std=gnu11 -DSTM32L053xx -DUSE_STDPERIPH_DRIVER -DUSE_NUCLEO_L053R8 -I../src -I../src/_ST_Drivers/CMSIS/Include -I../src/_ST_Drivers/CMSIS/Device/ST/STM32L0xx/Include -I../src/_ST_Drivers/STM32L0xx_HAL_Driver/Inc -O0 -ffunction-sections -fdata-sections -g -fstack-usage -Wall -specs=nano.specs -o src/System/tiny_printf.o 
arm-atollic-eabi-gcc -c ../src/_ST_Drivers/STM32L0xx_HAL_Driver/Src/stm32l0xx_hal_dma.c -mthumb -mcpu=cortex-m0plus -std=gnu11 -DSTM32L053xx -DUSE_STDPERIPH_DRIVER -DUSE_NUCLEO_L053R8 -I../src -I../src/_ST_Drivers/CMSIS/Include -I../src/_ST_Drivers/CMSIS/Device/ST/STM32L0xx/Include -I../src/_ST_Drivers/STM32L0xx_HAL_Driver/Inc -O0 -ffunction-sections -fdata-sections -g -fstack-usage -Wall -specs=nano.specs -o src/_ST_Drivers/STM32L0xx_HAL_Driver/Src/stm32l0xx_hal_dma.o 
arm-atollic-eabi-gcc -c ../src/_ST_Drivers/STM32L0xx_HAL_Driver/Src/stm32l0xx_hal_dac.c -mthumb -mcpu=cortex-m0plus -std=gnu11 -DSTM32L053xx -DUSE_STDPERIPH_DRIVER -DUSE_NUCLEO_L053R8 -I../src -I../src/_ST_Drivers/CMSIS/Include -I../src/_ST_Drivers/CMSIS/Device/ST/STM32L0xx/Include -I../src/_ST_Drivers/STM32L0xx_HAL_Driver/Inc -O0 -ffunction-sections -fdata-sections -g -fstack-usage -Wall -specs=nano.specs -o src/_ST_Drivers/STM32L0xx_HAL_Driver/Src/stm32l0xx_hal_dac.o 
arm-atollic-eabi-gcc -c ../src/_ST_Drivers/STM32L0xx_HAL_Driver/Src/stm32l0xx_hal_tsc.c -mthumb -mcpu=cortex-m0plus -std=gnu11 -DSTM32L053xx -DUSE_STDPERIPH_DRIVER -DUSE_NUCLEO_L053R8 -I../src -I../src/_ST_Drivers/CMSIS/Include -I../src/_ST_Drivers/CMSIS/Device/ST/STM32L0xx/Include -I../src/_ST_Drivers/STM32L0xx_HAL_Driver/Inc -O0 -ffunction-sections -fdata-sections -g -fstack-usage -Wall -specs=nano.specs -o src/_ST_Drivers/STM32L0xx_HAL_Driver/Src/stm32l0xx_hal_tsc.o 
arm-atollic-eabi-gcc -c ../src/_ST_Drivers/STM32L0xx_HAL_Driver/Src/stm32l0xx_hal_gpio.c -mthumb -mcpu=cortex-m0plus -std=gnu11 -DSTM32L053xx -DUSE_STDPERIPH_DRIVER -DUSE_NUCLEO_L053R8 -I../src -I../src/_ST_Drivers/CMSIS/Include -I../src/_ST_Drivers/CMSIS/Device/ST/STM32L0xx/Include -I../src/_ST_Drivers/STM32L0xx_HAL_Driver/Inc -O0 -ffunction-sections -fdata-sections -g -fstack-usage -Wall -specs=nano.specs -o src/_ST_Drivers/STM32L0xx_HAL_Driver/Src/stm32l0xx_hal_gpio.o 
arm-atollic-eabi-gcc -c ../src/_ST_Drivers/STM32L0xx_HAL_Driver/Src/stm32l0xx_hal_rcc.c -mthumb -mcpu=cortex-m0plus -std=gnu11 -DSTM32L053xx -DUSE_STDPERIPH_DRIVER -DUSE_NUCLEO_L053R8 -I../src -I../src/_ST_Drivers/CMSIS/Include -I../src/_ST_Drivers/CMSIS/Device/ST/STM32L0xx/Include -I../src/_ST_Drivers/STM32L0xx_HAL_Driver/Inc -O0 -ffunction-sections -fdata-sections -g -fstack-usage -Wall -specs=nano.specs -o src/_ST_Drivers/STM32L0xx_HAL_Driver/Src/stm32l0xx_hal_rcc.o 
arm-atollic-eabi-gcc -c ../src/_ST_Drivers/STM32L0xx_HAL_Driver/Src/stm32l0xx_hal_smartcard.c -mthumb -mcpu=cortex-m0plus -std=gnu11 -DSTM32L053xx -DUSE_STDPERIPH_DRIVER -DUSE_NUCLEO_L053R8 -I../src -I../src/_ST_Drivers/CMSIS/Include -I../src/_ST_Drivers/CMSIS/Device/ST/STM32L0xx/Include -I../src/_ST_Drivers/STM32L0xx_HAL_Driver/Inc -O0 -ffunction-sections -fdata-sections -g -fstack-usage -Wall -specs=nano.specs -o src/_ST_Drivers/STM32L0xx_HAL_Driver/Src/stm32l0xx_hal_smartcard.o 
arm-atollic-eabi-gcc -c ../src/Communic/UartWifi.c -mthumb -mcpu=cortex-m0plus -std=gnu11 -DSTM32L053xx -DUSE_STDPERIPH_DRIVER -DUSE_NUCLEO_L053R8 -I../src -I../src/_ST_Drivers/CMSIS/Include -I../src/_ST_Drivers/CMSIS/Device/ST/STM32L0xx/Include -I../src/_ST_Drivers/STM32L0xx_HAL_Driver/Inc -O0 -ffunction-sections -fdata-sections -g -fstack-usage -Wall -specs=nano.specs -o src/Communic/UartWifi.o 
arm-atollic-eabi-gcc -c ../src/Communic/CommOEvse.c -mthumb -mcpu=cortex-m0plus -std=gnu11 -DSTM32L053xx -DUSE_STDPERIPH_DRIVER -DUSE_NUCLEO_L053R8 -I../src -I../src/_ST_Drivers/CMSIS/Include -I../src/_ST_Drivers/CMSIS/Device/ST/STM32L0xx/Include -I../src/_ST_Drivers/STM32L0xx_HAL_Driver/Inc -O0 -ffunction-sections -fdata-sections -g -fstack-usage -Wall -specs=nano.specs -o src/Communic/CommOEvse.o 
arm-atollic-eabi-gcc -c ../src/_ST_Drivers/STM32L0xx_HAL_Driver/Src/stm32l0xx_hal_pcd_ex.c -mthumb -mcpu=cortex-m0plus -std=gnu11 -DSTM32L053xx -DUSE_STDPERIPH_DRIVER -DUSE_NUCLEO_L053R8 -I../src -I../src/_ST_Drivers/CMSIS/Include -I../src/_ST_Drivers/CMSIS/Device/ST/STM32L0xx/Include -I../src/_ST_Drivers/STM32L0xx_HAL_Driver/Inc -O0 -ffunction-sections -fdata-sections -g -fstack-usage -Wall -specs=nano.specs -o src/_ST_Drivers/STM32L0xx_HAL_Driver/Src/stm32l0xx_hal_pcd_ex.o 
arm-atollic-eabi-gcc -c ../src/Control/ChargeCalendar.c -mthumb -mcpu=cortex-m0plus -std=gnu11 -DSTM32L053xx -DUSE_STDPERIPH_DRIVER -DUSE_NUCLEO_L053R8 -I../src -I../src/_ST_Drivers/CMSIS/Include -I../src/_ST_Drivers/CMSIS/Device/ST/STM32L0xx/Include -I../src/_ST_Drivers/STM32L0xx_HAL_Driver/Inc -O0 -ffunction-sections -fdata-sections -g -fstack-usage -Wall -specs=nano.specs -o src/Control/ChargeCalendar.o 
arm-atollic-eabi-gcc -c ../src/Main/Main.c -mthumb -mcpu=cortex-m0plus -std=gnu11 -DSTM32L053xx -DUSE_STDPERIPH_DRIVER -DUSE_NUCLEO_L053R8 -I../src -I../src/_ST_Drivers/CMSIS/Include -I../src/_ST_Drivers/CMSIS/Device/ST/STM32L0xx/Include -I../src/_ST_Drivers/STM32L0xx_HAL_Driver/Inc -O0 -ffunction-sections -fdata-sections -g -fstack-usage -Wall -specs=nano.specs -o src/Main/Main.o 
arm-atollic-eabi-gcc -c ../src/_ST_Drivers/STM32L0xx_HAL_Driver/Src/stm32l0xx_hal_cryp.c -mthumb -mcpu=cortex-m0plus -std=gnu11 -DSTM32L053xx -DUSE_STDPERIPH_DRIVER -DUSE_NUCLEO_L053R8 -I../src -I../src/_ST_Drivers/CMSIS/Include -I../src/_ST_Drivers/CMSIS/Device/ST/STM32L0xx/Include -I../src/_ST_Drivers/STM32L0xx_HAL_Driver/Inc -O0 -ffunction-sections -fdata-sections -g -fstack-usage -Wall -specs=nano.specs -o src/_ST_Drivers/STM32L0xx_HAL_Driver/Src/stm32l0xx_hal_cryp.o 
arm-atollic-eabi-gcc -c ../src/_ST_Drivers/STM32L0xx_HAL_Driver/Src/stm32l0xx_hal_lptim.c -mthumb -mcpu=cortex-m0plus -std=gnu11 -DSTM32L053xx -DUSE_STDPERIPH_DRIVER -DUSE_NUCLEO_L053R8 -I../src -I../src/_ST_Drivers/CMSIS/Include -I../src/_ST_Drivers/CMSIS/Device/ST/STM32L0xx/Include -I../src/_ST_Drivers/STM32L0xx_HAL_Driver/Inc -O0 -ffunction-sections -fdata-sections -g -fstack-usage -Wall -specs=nano.specs -o src/_ST_Drivers/STM32L0xx_HAL_Driver/Src/stm32l0xx_hal_lptim.o 
arm-atollic-eabi-gcc -c ../src/_ST_Drivers/STM32L0xx_HAL_Driver/Src/stm32l0xx_hal_iwdg.c -mthumb -mcpu=cortex-m0plus -std=gnu11 -DSTM32L053xx -DUSE_STDPERIPH_DRIVER -DUSE_NUCLEO_L053R8 -I../src -I../src/_ST_Drivers/CMSIS/Include -I../src/_ST_Drivers/CMSIS/Device/ST/STM32L0xx/Include -I../src/_ST_Drivers/STM32L0xx_HAL_Driver/Inc -O0 -ffunction-sections -fdata-sections -g -fstack-usage -Wall -specs=nano.specs -o src/_ST_Drivers/STM32L0xx_HAL_Driver/Src/stm32l0xx_hal_iwdg.o 
arm-atollic-eabi-gcc -c ../src/_ST_Drivers/STM32L0xx_HAL_Driver/Src/stm32l0xx_hal_rng.c -mthumb -mcpu=cortex-m0plus -std=gnu11 -DSTM32L053xx -DUSE_STDPERIPH_DRIVER -DUSE_NUCLEO_L053R8 -I../src -I../src/_ST_Drivers/CMSIS/Include -I../src/_ST_Drivers/CMSIS/Device/ST/STM32L0xx/Include -I../src/_ST_Drivers/STM32L0xx_HAL_Driver/Inc -O0 -ffunction-sections -fdata-sections -g -fstack-usage -Wall -specs=nano.specs -o src/_ST_Drivers/STM32L0xx_HAL_Driver/Src/stm32l0xx_hal_rng.o 
arm-atollic-eabi-gcc -c ../src/_ST_Drivers/STM32L0xx_HAL_Driver/Src/stm32l0xx_hal_spi.c -mthumb -mcpu=cortex-m0plus -std=gnu11 -DSTM32L053xx -DUSE_STDPERIPH_DRIVER -DUSE_NUCLEO_L053R8 -I../src -I../src/_ST_Drivers/CMSIS/Include -I../src/_ST_Drivers/CMSIS/Device/ST/STM32L0xx/Include -I../src/_ST_Drivers/STM32L0xx_HAL_Driver/Inc -O0 -ffunction-sections -fdata-sections -g -fstack-usage -Wall -specs=nano.specs -o src/_ST_Drivers/STM32L0xx_HAL_Driver/Src/stm32l0xx_hal_spi.o 
arm-atollic-eabi-gcc -o CentralUnit.elf src/Communic/CommOEvse.o src/Communic/CommWifi.o src/Communic/ScktFrame.o src/Communic/UartWifi.o src/Control/ChargeCalendar.o src/Main/CStartup.o src/Main/Identity.o src/Main/Main.o src/Main/Startup.o src/System/Clock.o src/System/Eeprom.o src/System/Error.o src/System/Timer.o src/System/syscalls.o src/System/tiny_printf.o src/_ST_Drivers/STM32L0xx_HAL_Driver/Src/stm32l0xx_hal.o src/_ST_Drivers/STM32L0xx_HAL_Driver/Src/stm32l0xx_hal_adc.o src/_ST_Drivers/STM32L0xx_HAL_Driver/Src/stm32l0xx_hal_adc_ex.o src/_ST_Drivers/STM32L0xx_HAL_Driver/Src/stm32l0xx_hal_comp.o src/_ST_Drivers/STM32L0xx_HAL_Driver/Src/stm32l0xx_hal_comp_ex.o src/_ST_Drivers/STM32L0xx_HAL_Driver/Src/stm32l0xx_hal_cortex.o src/_ST_Drivers/STM32L0xx_HAL_Driver/Src/stm32l0xx_hal_crc.o src/_ST_Drivers/STM32L0xx_HAL_Driver/Src/stm32l0xx_hal_crc_ex.o src/_ST_Drivers/STM32L0xx_HAL_Driver/Src/stm32l0xx_hal_cryp.o src/_ST_Drivers/STM32L0xx_HAL_Driver/Src/stm32l0xx_hal_cryp_ex.o src/_ST_Drivers/STM32L0xx_HAL_Driver/Src/stm32l0xx_hal_dac.o src/_ST_Drivers/STM32L0xx_HAL_Driver/Src/stm32l0xx_hal_dac_ex.o src/_ST_Drivers/STM32L0xx_HAL_Driver/Src/stm32l0xx_hal_dma.o src/_ST_Drivers/STM32L0xx_HAL_Driver/Src/stm32l0xx_hal_firewall.o src/_ST_Drivers/STM32L0xx_HAL_Driver/Src/stm32l0xx_hal_flash.o src/_ST_Drivers/STM32L0xx_HAL_Driver/Src/stm32l0xx_hal_flash_ex.o src/_ST_Drivers/STM32L0xx_HAL_Driver/Src/stm32l0xx_hal_flash_ramfunc.o src/_ST_Drivers/STM32L0xx_HAL_Driver/Src/stm32l0xx_hal_gpio.o src/_ST_Drivers/STM32L0xx_HAL_Driver/Src/stm32l0xx_hal_i2c.o src/_ST_Drivers/STM32L0xx_HAL_Driver/Src/stm32l0xx_hal_i2c_ex.o src/_ST_Drivers/STM32L0xx_HAL_Driver/Src/stm32l0xx_hal_i2s.o src/_ST_Drivers/STM32L0xx_HAL_Driver/Src/stm32l0xx_hal_irda.o src/_ST_Drivers/STM32L0xx_HAL_Driver/Src/stm32l0xx_hal_iwdg.o src/_ST_Drivers/STM32L0xx_HAL_Driver/Src/stm32l0xx_hal_lcd.o src/_ST_Drivers/STM32L0xx_HAL_Driver/Src/stm32l0xx_hal_lptim.o src/_ST_Drivers/STM32L0xx_HAL_Driver/Src/stm32l0xx_hal_msp_template.o src/_ST_Drivers/STM32L0xx_HAL_Driver/Src/stm32l0xx_hal_pcd.o src/_ST_Drivers/STM32L0xx_HAL_Driver/Src/stm32l0xx_hal_pcd_ex.o src/_ST_Drivers/STM32L0xx_HAL_Driver/Src/stm32l0xx_hal_pwr.o src/_ST_Drivers/STM32L0xx_HAL_Driver/Src/stm32l0xx_hal_pwr_ex.o src/_ST_Drivers/STM32L0xx_HAL_Driver/Src/stm32l0xx_hal_rcc.o src/_ST_Drivers/STM32L0xx_HAL_Driver/Src/stm32l0xx_hal_rcc_ex.o src/_ST_Drivers/STM32L0xx_HAL_Driver/Src/stm32l0xx_hal_rng.o src/_ST_Drivers/STM32L0xx_HAL_Driver/Src/stm32l0xx_hal_rtc.o src/_ST_Drivers/STM32L0xx_HAL_Driver/Src/stm32l0xx_hal_rtc_ex.o src/_ST_Drivers/STM32L0xx_HAL_Driver/Src/stm32l0xx_hal_smartcard.o src/_ST_Drivers/STM32L0xx_HAL_Driver/Src/stm32l0xx_hal_smartcard_ex.o src/_ST_Drivers/STM32L0xx_HAL_Driver/Src/stm32l0xx_hal_smbus.o src/_ST_Drivers/STM32L0xx_HAL_Driver/Src/stm32l0xx_hal_spi.o src/_ST_Drivers/STM32L0xx_HAL_Driver/Src/stm32l0xx_hal_tim.o src/_ST_Drivers/STM32L0xx_HAL_Driver/Src/stm32l0xx_hal_tim_ex.o src/_ST_Drivers/STM32L0xx_HAL_Driver/Src/stm32l0xx_hal_tsc.o src/_ST_Drivers/STM32L0xx_HAL_Driver/Src/stm32l0xx_hal_uart.o src/_ST_Drivers/STM32L0xx_HAL_Driver/Src/stm32l0xx_hal_uart_ex.o src/_ST_Drivers/STM32L0xx_HAL_Driver/Src/stm32l0xx_hal_usart.o src/_ST_Drivers/STM32L0xx_HAL_Driver/Src/stm32l0xx_hal_wwdg.o -mthumb -mcpu=cortex-m0plus -T../stm32_flash.ld -specs=nosys.specs -static -Wl,-cref,-u,Reset_Handler -Wl,-Map=CentralUnit.map -Wl,--gc-sections -Wl,--defsym=malloc_getpagesize_P=0x80 -Wl,--start-group -lc -lm -Wl,--end-group -specs=nano.specs 
/opt/Atollic_TrueSTUDIO_for_STM32_x86_64_9.0.0/ide/jre/bin/java -jar /opt/Atollic_TrueSTUDIO_for_STM32_x86_64_9.0.0/Tools/arm-atollic-reports.jar sizeinfo list CentralUnit.elf 
Generate build reports...
Print size information
   text	   data	    bss	    dec	    hex	filename
  26872	    112	   3572	  30556	   775c	CentralUnit.elf
Print size information done
Generate listing file
Output sent to: CentralUnit.list
Generate listing file done
Generate build reports done
Info: Parallel threads used: 8
19:36:38 **** Incremental Build of configuration Debug for project CentralUnit ****
Info: Internal Builder is used for build
Info: Parallel threads used: 0
19:38:08 **** Incremental Build of configuration Debug for project CentralUnit ****
Info: Internal Builder is used for build
Info: Parallel threads used: 0
19:39:25 **** Incremental Build of configuration Debug for project CentralUnit ****
Info: Internal Builder is used for build
Info: Parallel threads used: 0
19:40:35 **** Rebuild of configuration Debug for project CentralUnit ****
Info: Internal Builder is used for build
arm-atollic-eabi-gcc -c ../src/_ST_Drivers/STM32L0xx_HAL_Driver/Src/stm32l0xx_hal_irda.c -mthumb -mcpu=cortex-m0plus -std=gnu11 -DSTM32L053xx -DUSE_STDPERIPH_DRIVER -DUSE_NUCLEO_L053R8 -I../src -I../src/_ST_Drivers/CMSIS/Include -I../src/_ST_Drivers/CMSIS/Device/ST/STM32L0xx/Include -I../src/_ST_Drivers/STM32L0xx_HAL_Driver/Inc -O0 -ffunction-sections -fdata-sections -g -fstack-usage -Wall -specs=nano.specs -o src/_ST_Drivers/STM32L0xx_HAL_Driver/Src/stm32l0xx_hal_irda.o 
arm-atollic-eabi-gcc -c ../src/Main/Identity.c -mthumb -mcpu=cortex-m0plus -std=gnu11 -DSTM32L053xx -DUSE_STDPERIPH_DRIVER -DUSE_NUCLEO_L053R8 -I../src -I../src/_ST_Drivers/CMSIS/Include -I../src/_ST_Drivers/CMSIS/Device/ST/STM32L0xx/Include -I../src/_ST_Drivers/STM32L0xx_HAL_Driver/Inc -O0 -ffunction-sections -fdata-sections -g -fstack-usage -Wall -specs=nano.specs -o src/Main/Identity.o 
arm-atollic-eabi-gcc -c ../src/_ST_Drivers/STM32L0xx_HAL_Driver/Src/stm32l0xx_hal_dac.c -mthumb -mcpu=cortex-m0plus -std=gnu11 -DSTM32L053xx -DUSE_STDPERIPH_DRIVER -DUSE_NUCLEO_L053R8 -I../src -I../src/_ST_Drivers/CMSIS/Include -I../src/_ST_Drivers/CMSIS/Device/ST/STM32L0xx/Include -I../src/_ST_Drivers/STM32L0xx_HAL_Driver/Inc -O0 -ffunction-sections -fdata-sections -g -fstack-usage -Wall -specs=nano.specs -o src/_ST_Drivers/STM32L0xx_HAL_Driver/Src/stm32l0xx_hal_dac.o 
arm-atollic-eabi-gcc -c ../src/_ST_Drivers/STM32L0xx_HAL_Driver/Src/stm32l0xx_hal_i2c_ex.c -mthumb -mcpu=cortex-m0plus -std=gnu11 -DSTM32L053xx -DUSE_STDPERIPH_DRIVER -DUSE_NUCLEO_L053R8 -I../src -I../src/_ST_Drivers/CMSIS/Include -I../src/_ST_Drivers/CMSIS/Device/ST/STM32L0xx/Include -I../src/_ST_Drivers/STM32L0xx_HAL_Driver/Inc -O0 -ffunction-sections -fdata-sections -g -fstack-usage -Wall -specs=nano.specs -o src/_ST_Drivers/STM32L0xx_HAL_Driver/Src/stm32l0xx_hal_i2c_ex.o 
arm-atollic-eabi-gcc -c ../src/System/Error.c -mthumb -mcpu=cortex-m0plus -std=gnu11 -DSTM32L053xx -DUSE_STDPERIPH_DRIVER -DUSE_NUCLEO_L053R8 -I../src -I../src/_ST_Drivers/CMSIS/Include -I../src/_ST_Drivers/CMSIS/Device/ST/STM32L0xx/Include -I../src/_ST_Drivers/STM32L0xx_HAL_Driver/Inc -O0 -ffunction-sections -fdata-sections -g -fstack-usage -Wall -specs=nano.specs -o src/System/Error.o 
arm-atollic-eabi-gcc -c ../src/System/syscalls.c -mthumb -mcpu=cortex-m0plus -std=gnu11 -DSTM32L053xx -DUSE_STDPERIPH_DRIVER -DUSE_NUCLEO_L053R8 -I../src -I../src/_ST_Drivers/CMSIS/Include -I../src/_ST_Drivers/CMSIS/Device/ST/STM32L0xx/Include -I../src/_ST_Drivers/STM32L0xx_HAL_Driver/Inc -O0 -ffunction-sections -fdata-sections -g -fstack-usage -Wall -specs=nano.specs -o src/System/syscalls.o 
arm-atollic-eabi-gcc -c ../src/_ST_Drivers/STM32L0xx_HAL_Driver/Src/stm32l0xx_hal.c -mthumb -mcpu=cortex-m0plus -std=gnu11 -DSTM32L053xx -DUSE_STDPERIPH_DRIVER -DUSE_NUCLEO_L053R8 -I../src -I../src/_ST_Drivers/CMSIS/Include -I../src/_ST_Drivers/CMSIS/Device/ST/STM32L0xx/Include -I../src/_ST_Drivers/STM32L0xx_HAL_Driver/Inc -O0 -ffunction-sections -fdata-sections -g -fstack-usage -Wall -specs=nano.specs -o src/_ST_Drivers/STM32L0xx_HAL_Driver/Src/stm32l0xx_hal.o 
arm-atollic-eabi-gcc -c ../src/_ST_Drivers/STM32L0xx_HAL_Driver/Src/stm32l0xx_hal_spi.c -mthumb -mcpu=cortex-m0plus -std=gnu11 -DSTM32L053xx -DUSE_STDPERIPH_DRIVER -DUSE_NUCLEO_L053R8 -I../src -I../src/_ST_Drivers/CMSIS/Include -I../src/_ST_Drivers/CMSIS/Device/ST/STM32L0xx/Include -I../src/_ST_Drivers/STM32L0xx_HAL_Driver/Inc -O0 -ffunction-sections -fdata-sections -g -fstack-usage -Wall -specs=nano.specs -o src/_ST_Drivers/STM32L0xx_HAL_Driver/Src/stm32l0xx_hal_spi.o 
arm-atollic-eabi-gcc -c ../src/_ST_Drivers/STM32L0xx_HAL_Driver/Src/stm32l0xx_hal_pcd.c -mthumb -mcpu=cortex-m0plus -std=gnu11 -DSTM32L053xx -DUSE_STDPERIPH_DRIVER -DUSE_NUCLEO_L053R8 -I../src -I../src/_ST_Drivers/CMSIS/Include -I../src/_ST_Drivers/CMSIS/Device/ST/STM32L0xx/Include -I../src/_ST_Drivers/STM32L0xx_HAL_Driver/Inc -O0 -ffunction-sections -fdata-sections -g -fstack-usage -Wall -specs=nano.specs -o src/_ST_Drivers/STM32L0xx_HAL_Driver/Src/stm32l0xx_hal_pcd.o 
arm-atollic-eabi-gcc -c ../src/Control/ChargeCalendar.c -mthumb -mcpu=cortex-m0plus -std=gnu11 -DSTM32L053xx -DUSE_STDPERIPH_DRIVER -DUSE_NUCLEO_L053R8 -I../src -I../src/_ST_Drivers/CMSIS/Include -I../src/_ST_Drivers/CMSIS/Device/ST/STM32L0xx/Include -I../src/_ST_Drivers/STM32L0xx_HAL_Driver/Inc -O0 -ffunction-sections -fdata-sections -g -fstack-usage -Wall -specs=nano.specs -o src/Control/ChargeCalendar.o 
arm-atollic-eabi-gcc -c ../src/_ST_Drivers/STM32L0xx_HAL_Driver/Src/stm32l0xx_hal_smartcard_ex.c -mthumb -mcpu=cortex-m0plus -std=gnu11 -DSTM32L053xx -DUSE_STDPERIPH_DRIVER -DUSE_NUCLEO_L053R8 -I../src -I../src/_ST_Drivers/CMSIS/Include -I../src/_ST_Drivers/CMSIS/Device/ST/STM32L0xx/Include -I../src/_ST_Drivers/STM32L0xx_HAL_Driver/Inc -O0 -ffunction-sections -fdata-sections -g -fstack-usage -Wall -specs=nano.specs -o src/_ST_Drivers/STM32L0xx_HAL_Driver/Src/stm32l0xx_hal_smartcard_ex.o 
arm-atollic-eabi-gcc -c ../src/_ST_Drivers/STM32L0xx_HAL_Driver/Src/stm32l0xx_hal_i2c.c -mthumb -mcpu=cortex-m0plus -std=gnu11 -DSTM32L053xx -DUSE_STDPERIPH_DRIVER -DUSE_NUCLEO_L053R8 -I../src -I../src/_ST_Drivers/CMSIS/Include -I../src/_ST_Drivers/CMSIS/Device/ST/STM32L0xx/Include -I../src/_ST_Drivers/STM32L0xx_HAL_Driver/Inc -O0 -ffunction-sections -fdata-sections -g -fstack-usage -Wall -specs=nano.specs -o src/_ST_Drivers/STM32L0xx_HAL_Driver/Src/stm32l0xx_hal_i2c.o 
arm-atollic-eabi-gcc -c ../src/_ST_Drivers/STM32L0xx_HAL_Driver/Src/stm32l0xx_hal_usart.c -mthumb -mcpu=cortex-m0plus -std=gnu11 -DSTM32L053xx -DUSE_STDPERIPH_DRIVER -DUSE_NUCLEO_L053R8 -I../src -I../src/_ST_Drivers/CMSIS/Include -I../src/_ST_Drivers/CMSIS/Device/ST/STM32L0xx/Include -I../src/_ST_Drivers/STM32L0xx_HAL_Driver/Inc -O0 -ffunction-sections -fdata-sections -g -fstack-usage -Wall -specs=nano.specs -o src/_ST_Drivers/STM32L0xx_HAL_Driver/Src/stm32l0xx_hal_usart.o 
arm-atollic-eabi-gcc -c ../src/_ST_Drivers/STM32L0xx_HAL_Driver/Src/stm32l0xx_hal_tim.c -mthumb -mcpu=cortex-m0plus -std=gnu11 -DSTM32L053xx -DUSE_STDPERIPH_DRIVER -DUSE_NUCLEO_L053R8 -I../src -I../src/_ST_Drivers/CMSIS/Include -I../src/_ST_Drivers/CMSIS/Device/ST/STM32L0xx/Include -I../src/_ST_Drivers/STM32L0xx_HAL_Driver/Inc -O0 -ffunction-sections -fdata-sections -g -fstack-usage -Wall -specs=nano.specs -o src/_ST_Drivers/STM32L0xx_HAL_Driver/Src/stm32l0xx_hal_tim.o 
arm-atollic-eabi-gcc -c ../src/_ST_Drivers/STM32L0xx_HAL_Driver/Src/stm32l0xx_hal_comp.c -mthumb -mcpu=cortex-m0plus -std=gnu11 -DSTM32L053xx -DUSE_STDPERIPH_DRIVER -DUSE_NUCLEO_L053R8 -I../src -I../src/_ST_Drivers/CMSIS/Include -I../src/_ST_Drivers/CMSIS/Device/ST/STM32L0xx/Include -I../src/_ST_Drivers/STM32L0xx_HAL_Driver/Inc -O0 -ffunction-sections -fdata-sections -g -fstack-usage -Wall -specs=nano.specs -o src/_ST_Drivers/STM32L0xx_HAL_Driver/Src/stm32l0xx_hal_comp.o 
arm-atollic-eabi-gcc -c ../src/System/Clock.c -mthumb -mcpu=cortex-m0plus -std=gnu11 -DSTM32L053xx -DUSE_STDPERIPH_DRIVER -DUSE_NUCLEO_L053R8 -I../src -I../src/_ST_Drivers/CMSIS/Include -I../src/_ST_Drivers/CMSIS/Device/ST/STM32L0xx/Include -I../src/_ST_Drivers/STM32L0xx_HAL_Driver/Inc -O0 -ffunction-sections -fdata-sections -g -fstack-usage -Wall -specs=nano.specs -o src/System/Clock.o 
arm-atollic-eabi-gcc -c ../src/_ST_Drivers/STM32L0xx_HAL_Driver/Src/stm32l0xx_hal_dac_ex.c -mthumb -mcpu=cortex-m0plus -std=gnu11 -DSTM32L053xx -DUSE_STDPERIPH_DRIVER -DUSE_NUCLEO_L053R8 -I../src -I../src/_ST_Drivers/CMSIS/Include -I../src/_ST_Drivers/CMSIS/Device/ST/STM32L0xx/Include -I../src/_ST_Drivers/STM32L0xx_HAL_Driver/Inc -O0 -ffunction-sections -fdata-sections -g -fstack-usage -Wall -specs=nano.specs -o src/_ST_Drivers/STM32L0xx_HAL_Driver/Src/stm32l0xx_hal_dac_ex.o 
arm-atollic-eabi-gcc -c ../src/Communic/UartWifi.c -mthumb -mcpu=cortex-m0plus -std=gnu11 -DSTM32L053xx -DUSE_STDPERIPH_DRIVER -DUSE_NUCLEO_L053R8 -I../src -I../src/_ST_Drivers/CMSIS/Include -I../src/_ST_Drivers/CMSIS/Device/ST/STM32L0xx/Include -I../src/_ST_Drivers/STM32L0xx_HAL_Driver/Inc -O0 -ffunction-sections -fdata-sections -g -fstack-usage -Wall -specs=nano.specs -o src/Communic/UartWifi.o 
[...]
arm-atollic-eabi-gcc -c ../src/_ST_Drivers/STM32L0xx_HAL_Driver/Src/stm32l0xx_hal_wwdg.c -mthumb -mcpu=cortex-m0plus -std=gnu11 -DSTM32L053xx -DUSE_STDPERIPH_DRIVER -DUSE_NUCLEO_L053R8 -I../src -I../src/_ST_Drivers/CMSIS/Include -I../src/_ST_Drivers/CMSIS/Device/ST/STM32L0xx/Include -I../src/_ST_Drivers/STM32L0xx_HAL_Driver/Inc -O0 -ffunction-sections -fdata-sections -g -fstack-usage -Wall -specs=nano.specs -o src/_ST_Drivers/STM32L0xx_HAL_Driver/Src/stm32l0xx_hal_wwdg.o 
arm-atollic-eabi-gcc -c ../src/_ST_Drivers/STM32L0xx_HAL_Driver/Src/stm32l0xx_hal_crc.c -mthumb -mcpu=cortex-m0plus -std=gnu11 -DSTM32L053xx -DUSE_STDPERIPH_DRIVER -DUSE_NUCLEO_L053R8 -I../src -I../src/_ST_Drivers/CMSIS/Include -I../src/_ST_Drivers/CMSIS/Device/ST/STM32L0xx/Include -I../src/_ST_Drivers/STM32L0xx_HAL_Driver/Inc -O0 -ffunction-sections -fdata-sections -g -fstack-usage -Wall -specs=nano.specs -o src/_ST_Drivers/STM32L0xx_HAL_Driver/Src/stm32l0xx_hal_crc.o 
arm-atollic-eabi-gcc -c ../src/_ST_Drivers/STM32L0xx_HAL_Driver/Src/stm32l0xx_hal_pwr.c -mthumb -mcpu=cortex-m0plus -std=gnu11 -DSTM32L053xx -DUSE_STDPERIPH_DRIVER -DUSE_NUCLEO_L053R8 -I../src -I../src/_ST_Drivers/CMSIS/Include -I../src/_ST_Drivers/CMSIS/Device/ST/STM32L0xx/Include -I../src/_ST_Drivers/STM32L0xx_HAL_Driver/Inc -O0 -ffunction-sections -fdata-sections -g -fstack-usage -Wall -specs=nano.specs -o src/_ST_Drivers/STM32L0xx_HAL_Driver/Src/stm32l0xx_hal_pwr.o 
arm-atollic-eabi-gcc -c ../src/_ST_Drivers/STM32L0xx_HAL_Driver/Src/stm32l0xx_hal_pcd_ex.c -mthumb -mcpu=cortex-m0plus -std=gnu11 -DSTM32L053xx -DUSE_STDPERIPH_DRIVER -DUSE_NUCLEO_L053R8 -I../src -I../src/_ST_Drivers/CMSIS/Include -I../src/_ST_Drivers/CMSIS/Device/ST/STM32L0xx/Include -I../src/_ST_Drivers/STM32L0xx_HAL_Driver/Inc -O0 -ffunction-sections -fdata-sections -g -fstack-usage -Wall -specs=nano.specs -o src/_ST_Drivers/STM32L0xx_HAL_Driver/Src/stm32l0xx_hal_pcd_ex.o 
arm-atollic-eabi-gcc -c ../src/_ST_Drivers/STM32L0xx_HAL_Driver/Src/stm32l0xx_hal_adc_ex.c -mthumb -mcpu=cortex-m0plus -std=gnu11 -DSTM32L053xx -DUSE_STDPERIPH_DRIVER -DUSE_NUCLEO_L053R8 -I../src -I../src/_ST_Drivers/CMSIS/Include -I../src/_ST_Drivers/CMSIS/Device/ST/STM32L0xx/Include -I../src/_ST_Drivers/STM32L0xx_HAL_Driver/Inc -O0 -ffunction-sections -fdata-sections -g -fstack-usage -Wall -specs=nano.specs -o src/_ST_Drivers/STM32L0xx_HAL_Driver/Src/stm32l0xx_hal_adc_ex.o 
arm-atollic-eabi-gcc -c ../src/System/tiny_printf.c -mthumb -mcpu=cortex-m0plus -std=gnu11 -DSTM32L053xx -DUSE_STDPERIPH_DRIVER -DUSE_NUCLEO_L053R8 -I../src -I../src/_ST_Drivers/CMSIS/Include -I../src/_ST_Drivers/CMSIS/Device/ST/STM32L0xx/Include -I../src/_ST_Drivers/STM32L0xx_HAL_Driver/Inc -O0 -ffunction-sections -fdata-sections -g -fstack-usage -Wall -specs=nano.specs -o src/System/tiny_printf.o 
arm-atollic-eabi-gcc -c ../src/_ST_Drivers/STM32L0xx_HAL_Driver/Src/stm32l0xx_hal_smartcard.c -mthumb -mcpu=cortex-m0plus -std=gnu11 -DSTM32L053xx -DUSE_STDPERIPH_DRIVER -DUSE_NUCLEO_L053R8 -I../src -I../src/_ST_Drivers/CMSIS/Include -I../src/_ST_Drivers/CMSIS/Device/ST/STM32L0xx/Include -I../src/_ST_Drivers/STM32L0xx_HAL_Driver/Inc -O0 -ffunction-sections -fdata-sections -g -fstack-usage -Wall -specs=nano.specs -o src/_ST_Drivers/STM32L0xx_HAL_Driver/Src/stm32l0xx_hal_smartcard.o 
arm-atollic-eabi-gcc -c ../src/_ST_Drivers/STM32L0xx_HAL_Driver/Src/stm32l0xx_hal_flash_ramfunc.c -mthumb -mcpu=cortex-m0plus -std=gnu11 -DSTM32L053xx -DUSE_STDPERIPH_DRIVER -DUSE_NUCLEO_L053R8 -I../src -I../src/_ST_Drivers/CMSIS/Include -I../src/_ST_Drivers/CMSIS/Device/ST/STM32L0xx/Include -I../src/_ST_Drivers/STM32L0xx_HAL_Driver/Inc -O0 -ffunction-sections -fdata-sections -g -fstack-usage -Wall -specs=nano.specs -o src/_ST_Drivers/STM32L0xx_HAL_Driver/Src/stm32l0xx_hal_flash_ramfunc.o 
arm-atollic-eabi-gcc -c ../src/Communic/CommOEvse.c -mthumb -mcpu=cortex-m0plus -std=gnu11 -DSTM32L053xx -DUSE_STDPERIPH_DRIVER -DUSE_NUCLEO_L053R8 -I../src -I../src/_ST_Drivers/CMSIS/Include -I../src/_ST_Drivers/CMSIS/Device/ST/STM32L0xx/Include -I../src/_ST_Drivers/STM32L0xx_HAL_Driver/Inc -O0 -ffunction-sections -fdata-sections -g -fstack-usage -Wall -specs=nano.specs -o src/Communic/CommOEvse.o 
arm-atollic-eabi-gcc -c ../src/_ST_Drivers/STM32L0xx_HAL_Driver/Src/stm32l0xx_hal_tsc.c -mthumb -mcpu=cortex-m0plus -std=gnu11 -DSTM32L053xx -DUSE_STDPERIPH_DRIVER -DUSE_NUCLEO_L053R8 -I../src -I../src/_ST_Drivers/CMSIS/Include -I../src/_ST_Drivers/CMSIS/Device/ST/STM32L0xx/Include -I../src/_ST_Drivers/STM32L0xx_HAL_Driver/Inc -O0 -ffunction-sections -fdata-sections -g -fstack-usage -Wall -specs=nano.specs -o src/_ST_Drivers/STM32L0xx_HAL_Driver/Src/stm32l0xx_hal_tsc.o 
arm-atollic-eabi-gcc -c ../src/Communic/ScktFrame.c -mthumb -mcpu=cortex-m0plus -std=gnu11 -DSTM32L053xx -DUSE_STDPERIPH_DRIVER -DUSE_NUCLEO_L053R8 -I../src -I../src/_ST_Drivers/CMSIS/Include -I../src/_ST_Drivers/CMSIS/Device/ST/STM32L0xx/Include -I../src/_ST_Drivers/STM32L0xx_HAL_Driver/Inc -O0 -ffunction-sections -fdata-sections -g -fstack-usage -Wall -specs=nano.specs -o src/Communic/ScktFrame.o 
arm-atollic-eabi-gcc -c ../src/_ST_Drivers/STM32L0xx_HAL_Driver/Src/stm32l0xx_hal_adc.c -mthumb -mcpu=cortex-m0plus -std=gnu11 -DSTM32L053xx -DUSE_STDPERIPH_DRIVER -DUSE_NUCLEO_L053R8 -I../src -I../src/_ST_Drivers/CMSIS/Include -I../src/_ST_Drivers/CMSIS/Device/ST/STM32L0xx/Include -I../src/_ST_Drivers/STM32L0xx_HAL_Driver/Inc -O0 -ffunction-sections -fdata-sections -g -fstack-usage -Wall -specs=nano.specs -o src/_ST_Drivers/STM32L0xx_HAL_Driver/Src/stm32l0xx_hal_adc.o 
arm-atollic-eabi-gcc -c ../src/_ST_Drivers/STM32L0xx_HAL_Driver/Src/stm32l0xx_hal_i2s.c -mthumb -mcpu=cortex-m0plus -std=gnu11 -DSTM32L053xx -DUSE_STDPERIPH_DRIVER -DUSE_NUCLEO_L053R8 -I../src -I../src/_ST_Drivers/CMSIS/Include -I../src/_ST_Drivers/CMSIS/Device/ST/STM32L0xx/Include -I../src/_ST_Drivers/STM32L0xx_HAL_Driver/Inc -O0 -ffunction-sections -fdata-sections -g -fstack-usage -Wall -specs=nano.specs -o src/_ST_Drivers/STM32L0xx_HAL_Driver/Src/stm32l0xx_hal_i2s.o 
arm-atollic-eabi-gcc -c ../src/_ST_Drivers/STM32L0xx_HAL_Driver/Src/stm32l0xx_hal_rtc_ex.c -mthumb -mcpu=cortex-m0plus -std=gnu11 -DSTM32L053xx -DUSE_STDPERIPH_DRIVER -DUSE_NUCLEO_L053R8 -I../src -I../src/_ST_Drivers/CMSIS/Include -I../src/_ST_Drivers/CMSIS/Device/ST/STM32L0xx/Include -I../src/_ST_Drivers/STM32L0xx_HAL_Driver/Inc -O0 -ffunction-sections -fdata-sections -g -fstack-usage -Wall -specs=nano.specs -o src/_ST_Drivers/STM32L0xx_HAL_Driver/Src/stm32l0xx_hal_rtc_ex.o 
arm-atollic-eabi-gcc -c ../src/_ST_Drivers/STM32L0xx_HAL_Driver/Src/stm32l0xx_hal_uart_ex.c -mthumb -mcpu=cortex-m0plus -std=gnu11 -DSTM32L053xx -DUSE_STDPERIPH_DRIVER -DUSE_NUCLEO_L053R8 -I../src -I../src/_ST_Drivers/CMSIS/Include -I../src/_ST_Drivers/CMSIS/Device/ST/STM32L0xx/Include -I../src/_ST_Drivers/STM32L0xx_HAL_Driver/Inc -O0 -ffunction-sections -fdata-sections -g -fstack-usage -Wall -specs=nano.specs -o src/_ST_Drivers/STM32L0xx_HAL_Driver/Src/stm32l0xx_hal_uart_ex.o 
arm-atollic-eabi-gcc -c ../src/_ST_Drivers/STM32L0xx_HAL_Driver/Src/stm32l0xx_hal_rcc_ex.c -mthumb -mcpu=cortex-m0plus -std=gnu11 -DSTM32L053xx -DUSE_STDPERIPH_DRIVER -DUSE_NUCLEO_L053R8 -I../src -I../src/_ST_Drivers/CMSIS/Include -I../src/_ST_Drivers/CMSIS/Device/ST/STM32L0xx/Include -I../src/_ST_Drivers/STM32L0xx_HAL_Driver/Inc -O0 -ffunction-sections -fdata-sections -g -fstack-usage -Wall -specs=nano.specs -o src/_ST_Drivers/STM32L0xx_HAL_Driver/Src/stm32l0xx_hal_rcc_ex.o 
arm-atollic-eabi-gcc -c ../src/_ST_Drivers/STM32L0xx_HAL_Driver/Src/stm32l0xx_hal_rcc.c -mthumb -mcpu=cortex-m0plus -std=gnu11 -DSTM32L053xx -DUSE_STDPERIPH_DRIVER -DUSE_NUCLEO_L053R8 -I../src -I../src/_ST_Drivers/CMSIS/Include -I../src/_ST_Drivers/CMSIS/Device/ST/STM32L0xx/Include -I../src/_ST_Drivers/STM32L0xx_HAL_Driver/Inc -O0 -ffunction-sections -fdata-sections -g -fstack-usage -Wall -specs=nano.specs -o src/_ST_Drivers/STM32L0xx_HAL_Driver/Src/stm32l0xx_hal_rcc.o 
arm-atollic-eabi-gcc -c ../src/_ST_Drivers/STM32L0xx_HAL_Driver/Src/stm32l0xx_hal_lcd.c -mthumb -mcpu=cortex-m0plus -std=gnu11 -DSTM32L053xx -DUSE_STDPERIPH_DRIVER -DUSE_NUCLEO_L053R8 -I../src -I../src/_ST_Drivers/CMSIS/Include -I../src/_ST_Drivers/CMSIS/Device/ST/STM32L0xx/Include -I../src/_ST_Drivers/STM32L0xx_HAL_Driver/Inc -O0 -ffunction-sections -fdata-sections -g -fstack-usage -Wall -specs=nano.specs -o src/_ST_Drivers/STM32L0xx_HAL_Driver/Src/stm32l0xx_hal_lcd.o 
arm-atollic-eabi-gcc -c ../src/_ST_Drivers/STM32L0xx_HAL_Driver/Src/stm32l0xx_hal_uart.c -mthumb -mcpu=cortex-m0plus -std=gnu11 -DSTM32L053xx -DUSE_STDPERIPH_DRIVER -DUSE_NUCLEO_L053R8 -I../src -I../src/_ST_Drivers/CMSIS/Include -I../src/_ST_Drivers/CMSIS/Device/ST/STM32L0xx/Include -I../src/_ST_Drivers/STM32L0xx_HAL_Driver/Inc -O0 -ffunction-sections -fdata-sections -g -fstack-usage -Wall -specs=nano.specs -o src/_ST_Drivers/STM32L0xx_HAL_Driver/Src/stm32l0xx_hal_uart.o 
arm-atollic-eabi-gcc -c ../src/_ST_Drivers/STM32L0xx_HAL_Driver/Src/stm32l0xx_hal_cryp.c -mthumb -mcpu=cortex-m0plus -std=gnu11 -DSTM32L053xx -DUSE_STDPERIPH_DRIVER -DUSE_NUCLEO_L053R8 -I../src -I../src/_ST_Drivers/CMSIS/Include -I../src/_ST_Drivers/CMSIS/Device/ST/STM32L0xx/Include -I../src/_ST_Drivers/STM32L0xx_HAL_Driver/Inc -O0 -ffunction-sections -fdata-sections -g -fstack-usage -Wall -specs=nano.specs -o src/_ST_Drivers/STM32L0xx_HAL_Driver/Src/stm32l0xx_hal_cryp.o 
arm-atollic-eabi-gcc -c ../src/_ST_Drivers/STM32L0xx_HAL_Driver/Src/stm32l0xx_hal_iwdg.c -mthumb -mcpu=cortex-m0plus -std=gnu11 -DSTM32L053xx -DUSE_STDPERIPH_DRIVER -DUSE_NUCLEO_L053R8 -I../src -I../src/_ST_Drivers/CMSIS/Include -I../src/_ST_Drivers/CMSIS/Device/ST/STM32L0xx/Include -I../src/_ST_Drivers/STM32L0xx_HAL_Driver/Inc -O0 -ffunction-sections -fdata-sections -g -fstack-usage -Wall -specs=nano.specs -o src/_ST_Drivers/STM32L0xx_HAL_Driver/Src/stm32l0xx_hal_iwdg.o 
arm-atollic-eabi-gcc -c ../src/_ST_Drivers/STM32L0xx_HAL_Driver/Src/stm32l0xx_hal_tim_ex.c -mthumb -mcpu=cortex-m0plus -std=gnu11 -DSTM32L053xx -DUSE_STDPERIPH_DRIVER -DUSE_NUCLEO_L053R8 -I../src -I../src/_ST_Drivers/CMSIS/Include -I../src/_ST_Drivers/CMSIS/Device/ST/STM32L0xx/Include -I../src/_ST_Drivers/STM32L0xx_HAL_Driver/Inc -O0 -ffunction-sections -fdata-sections -g -fstack-usage -Wall -specs=nano.specs -o src/_ST_Drivers/STM32L0xx_HAL_Driver/Src/stm32l0xx_hal_tim_ex.o 
arm-atollic-eabi-gcc -c ../src/Main/Main.c -mthumb -mcpu=cortex-m0plus -std=gnu11 -DSTM32L053xx -DUSE_STDPERIPH_DRIVER -DUSE_NUCLEO_L053R8 -I../src -I../src/_ST_Drivers/CMSIS/Include -I../src/_ST_Drivers/CMSIS/Device/ST/STM32L0xx/Include -I../src/_ST_Drivers/STM32L0xx_HAL_Driver/Inc -O0 -ffunction-sections -fdata-sections -g -fstack-usage -Wall -specs=nano.specs -o src/Main/Main.o 
arm-atollic-eabi-gcc -c ../src/_ST_Drivers/STM32L0xx_HAL_Driver/Src/stm32l0xx_hal_rng.c -mthumb -mcpu=cortex-m0plus -std=gnu11 -DSTM32L053xx -DUSE_STDPERIPH_DRIVER -DUSE_NUCLEO_L053R8 -I../src -I../src/_ST_Drivers/CMSIS/Include -I../src/_ST_Drivers/CMSIS/Device/ST/STM32L0xx/Include -I../src/_ST_Drivers/STM32L0xx_HAL_Driver/Inc -O0 -ffunction-sections -fdata-sections -g -fstack-usage -Wall -specs=nano.specs -o src/_ST_Drivers/STM32L0xx_HAL_Driver/Src/stm32l0xx_hal_rng.o 
arm-atollic-eabi-gcc -c ../src/_ST_Drivers/STM32L0xx_HAL_Driver/Src/stm32l0xx_hal_smbus.c -mthumb -mcpu=cortex-m0plus -std=gnu11 -DSTM32L053xx -DUSE_STDPERIPH_DRIVER -DUSE_NUCLEO_L053R8 -I../src -I../src/_ST_Drivers/CMSIS/Include -I../src/_ST_Drivers/CMSIS/Device/ST/STM32L0xx/Include -I../src/_ST_Drivers/STM32L0xx_HAL_Driver/Inc -O0 -ffunction-sections -fdata-sections -g -fstack-usage -Wall -specs=nano.specs -o src/_ST_Drivers/STM32L0xx_HAL_Driver/Src/stm32l0xx_hal_smbus.o 
arm-atollic-eabi-gcc -c ../src/_ST_Drivers/STM32L0xx_HAL_Driver/Src/stm32l0xx_hal_lptim.c -mthumb -mcpu=cortex-m0plus -std=gnu11 -DSTM32L053xx -DUSE_STDPERIPH_DRIVER -DUSE_NUCLEO_L053R8 -I../src -I../src/_ST_Drivers/CMSIS/Include -I../src/_ST_Drivers/CMSIS/Device/ST/STM32L0xx/Include -I../src/_ST_Drivers/STM32L0xx_HAL_Driver/Inc -O0 -ffunction-sections -fdata-sections -g -fstack-usage -Wall -specs=nano.specs -o src/_ST_Drivers/STM32L0xx_HAL_Driver/Src/stm32l0xx_hal_lptim.o 
arm-atollic-eabi-gcc -c ../src/_ST_Drivers/STM32L0xx_HAL_Driver/Src/stm32l0xx_hal_pwr_ex.c -mthumb -mcpu=cortex-m0plus -std=gnu11 -DSTM32L053xx -DUSE_STDPERIPH_DRIVER -DUSE_NUCLEO_L053R8 -I../src -I../src/_ST_Drivers/CMSIS/Include -I../src/_ST_Drivers/CMSIS/Device/ST/STM32L0xx/Include -I../src/_ST_Drivers/STM32L0xx_HAL_Driver/Inc -O0 -ffunction-sections -fdata-sections -g -fstack-usage -Wall -specs=nano.specs -o src/_ST_Drivers/STM32L0xx_HAL_Driver/Src/stm32l0xx_hal_pwr_ex.o 
arm-atollic-eabi-gcc -c ../src/Communic/CommWifi.c -mthumb -mcpu=cortex-m0plus -std=gnu11 -DSTM32L053xx -DUSE_STDPERIPH_DRIVER -DUSE_NUCLEO_L053R8 -I../src -I../src/_ST_Drivers/CMSIS/Include -I../src/_ST_Drivers/CMSIS/Device/ST/STM32L0xx/Include -I../src/_ST_Drivers/STM32L0xx_HAL_Driver/Inc -O0 -ffunction-sections -fdata-sections -g -fstack-usage -Wall -specs=nano.specs -o src/Communic/CommWifi.o 
arm-atollic-eabi-gcc -c ../src/_ST_Drivers/STM32L0xx_HAL_Driver/Src/stm32l0xx_hal_cortex.c -mthumb -mcpu=cortex-m0plus -std=gnu11 -DSTM32L053xx -DUSE_STDPERIPH_DRIVER -DUSE_NUCLEO_L053R8 -I../src -I../src/_ST_Drivers/CMSIS/Include -I../src/_ST_Drivers/CMSIS/Device/ST/STM32L0xx/Include -I../src/_ST_Drivers/STM32L0xx_HAL_Driver/Inc -O0 -ffunction-sections -fdata-sections -g -fstack-usage -Wall -specs=nano.specs -o src/_ST_Drivers/STM32L0xx_HAL_Driver/Src/stm32l0xx_hal_cortex.o 
arm-atollic-eabi-gcc -c ../src/_ST_Drivers/STM32L0xx_HAL_Driver/Src/stm32l0xx_hal_flash_ex.c -mthumb -mcpu=cortex-m0plus -std=gnu11 -DSTM32L053xx -DUSE_STDPERIPH_DRIVER -DUSE_NUCLEO_L053R8 -I../src -I../src/_ST_Drivers/CMSIS/Include -I../src/_ST_Drivers/CMSIS/Device/ST/STM32L0xx/Include -I../src/_ST_Drivers/STM32L0xx_HAL_Driver/Inc -O0 -ffunction-sections -fdata-sections -g -fstack-usage -Wall -specs=nano.specs -o src/_ST_Drivers/STM32L0xx_HAL_Driver/Src/stm32l0xx_hal_flash_ex.o 
arm-atollic-eabi-gcc -c -mthumb -mcpu=cortex-m0plus -DSTM32L053xx -DUSE_STDPERIPH_DRIVER -DUSE_NUCLEO_L053R8 -I../src -I../src/_ST_Drivers/CMSIS/Include -I../src/_ST_Drivers/STM32L0xx_HAL_Driver/Inc -I../src/_ST_Drivers/CMSIS/Device/ST/STM32L0xx/Include -g -Wa,--warn -x assembler-with-cpp -specs=nano.specs -o src/Main/Startup.o ../src/Main/Startup.s 
arm-atollic-eabi-gcc -c ../src/_ST_Drivers/STM32L0xx_HAL_Driver/Src/stm32l0xx_hal_dma.c -mthumb -mcpu=cortex-m0plus -std=gnu11 -DSTM32L053xx -DUSE_STDPERIPH_DRIVER -DUSE_NUCLEO_L053R8 -I../src -I../src/_ST_Drivers/CMSIS/Include -I../src/_ST_Drivers/CMSIS/Device/ST/STM32L0xx/Include -I../src/_ST_Drivers/STM32L0xx_HAL_Driver/Inc -O0 -ffunction-sections -fdata-sections -g -fstack-usage -Wall -specs=nano.specs -o src/_ST_Drivers/STM32L0xx_HAL_Driver/Src/stm32l0xx_hal_dma.o 
arm-atollic-eabi-gcc -c ../src/_ST_Drivers/STM32L0xx_HAL_Driver/Src/stm32l0xx_hal_gpio.c -mthumb -mcpu=cortex-m0plus -std=gnu11 -DSTM32L053xx -DUSE_STDPERIPH_DRIVER -DUSE_NUCLEO_L053R8 -I../src -I../src/_ST_Drivers/CMSIS/Include -I../src/_ST_Drivers/CMSIS/Device/ST/STM32L0xx/Include -I../src/_ST_Drivers/STM32L0xx_HAL_Driver/Inc -O0 -ffunction-sections -fdata-sections -g -fstack-usage -Wall -specs=nano.specs -o src/_ST_Drivers/STM32L0xx_HAL_Driver/Src/stm32l0xx_hal_gpio.o 
arm-atollic-eabi-gcc -o CentralUnit.elf src/Communic/CommOEvse.o src/Communic/CommWifi.o src/Communic/ScktFrame.o src/Communic/UartWifi.o src/Control/ChargeCalendar.o src/Main/CStartup.o src/Main/Identity.o src/Main/Main.o src/Main/Startup.o src/System/Clock.o src/System/Eeprom.o src/System/Error.o src/System/Timer.o src/System/syscalls.o src/System/tiny_printf.o src/_ST_Drivers/STM32L0xx_HAL_Driver/Src/stm32l0xx_hal.o src/_ST_Drivers/STM32L0xx_HAL_Driver/Src/stm32l0xx_hal_adc.o src/_ST_Drivers/STM32L0xx_HAL_Driver/Src/stm32l0xx_hal_adc_ex.o src/_ST_Drivers/STM32L0xx_HAL_Driver/Src/stm32l0xx_hal_comp.o src/_ST_Drivers/STM32L0xx_HAL_Driver/Src/stm32l0xx_hal_comp_ex.o src/_ST_Drivers/STM32L0xx_HAL_Driver/Src/stm32l0xx_hal_cortex.o src/_ST_Drivers/STM32L0xx_HAL_Driver/Src/stm32l0xx_hal_crc.o src/_ST_Drivers/STM32L0xx_HAL_Driver/Src/stm32l0xx_hal_crc_ex.o src/_ST_Drivers/STM32L0xx_HAL_Driver/Src/stm32l0xx_hal_cryp.o src/_ST_Drivers/STM32L0xx_HAL_Driver/Src/stm32l0xx_hal_cryp_ex.o src/_ST_Drivers/STM32L0xx_HAL_Driver/Src/stm32l0xx_hal_dac.o src/_ST_Drivers/STM32L0xx_HAL_Driver/Src/stm32l0xx_hal_dac_ex.o src/_ST_Drivers/STM32L0xx_HAL_Driver/Src/stm32l0xx_hal_dma.o src/_ST_Drivers/STM32L0xx_HAL_Driver/Src/stm32l0xx_hal_firewall.o src/_ST_Drivers/STM32L0xx_HAL_Driver/Src/stm32l0xx_hal_flash.o src/_ST_Drivers/STM32L0xx_HAL_Driver/Src/stm32l0xx_hal_flash_ex.o src/_ST_Drivers/STM32L0xx_HAL_Driver/Src/stm32l0xx_hal_flash_ramfunc.o src/_ST_Drivers/STM32L0xx_HAL_Driver/Src/stm32l0xx_hal_gpio.o src/_ST_Drivers/STM32L0xx_HAL_Driver/Src/stm32l0xx_hal_i2c.o src/_ST_Drivers/STM32L0xx_HAL_Driver/Src/stm32l0xx_hal_i2c_ex.o src/_ST_Drivers/STM32L0xx_HAL_Driver/Src/stm32l0xx_hal_i2s.o src/_ST_Drivers/STM32L0xx_HAL_Driver/Src/stm32l0xx_hal_irda.o src/_ST_Drivers/STM32L0xx_HAL_Driver/Src/stm32l0xx_hal_iwdg.o src/_ST_Drivers/STM32L0xx_HAL_Driver/Src/stm32l0xx_hal_lcd.o src/_ST_Drivers/STM32L0xx_HAL_Driver/Src/stm32l0xx_hal_lptim.o src/_ST_Drivers/STM32L0xx_HAL_Driver/Src/stm32l0xx_hal_msp_template.o src/_ST_Drivers/STM32L0xx_HAL_Driver/Src/stm32l0xx_hal_pcd.o src/_ST_Drivers/STM32L0xx_HAL_Driver/Src/stm32l0xx_hal_pcd_ex.o src/_ST_Drivers/STM32L0xx_HAL_Driver/Src/stm32l0xx_hal_pwr.o src/_ST_Drivers/STM32L0xx_HAL_Driver/Src/stm32l0xx_hal_pwr_ex.o src/_ST_Drivers/STM32L0xx_HAL_Driver/Src/stm32l0xx_hal_rcc.o src/_ST_Drivers/STM32L0xx_HAL_Driver/Src/stm32l0xx_hal_rcc_ex.o src/_ST_Drivers/STM32L0xx_HAL_Driver/Src/stm32l0xx_hal_rng.o src/_ST_Drivers/STM32L0xx_HAL_Driver/Src/stm32l0xx_hal_rtc.o src/_ST_Drivers/STM32L0xx_HAL_Driver/Src/stm32l0xx_hal_rtc_ex.o src/_ST_Drivers/STM32L0xx_HAL_Driver/Src/stm32l0xx_hal_smartcard.o src/_ST_Drivers/STM32L0xx_HAL_Driver/Src/stm32l0xx_hal_smartcard_ex.o src/_ST_Drivers/STM32L0xx_HAL_Driver/Src/stm32l0xx_hal_smbus.o src/_ST_Drivers/STM32L0xx_HAL_Driver/Src/stm32l0xx_hal_spi.o src/_ST_Drivers/STM32L0xx_HAL_Driver/Src/stm32l0xx_hal_tim.o src/_ST_Drivers/STM32L0xx_HAL_Driver/Src/stm32l0xx_hal_tim_ex.o src/_ST_Drivers/STM32L0xx_HAL_Driver/Src/stm32l0xx_hal_tsc.o src/_ST_Drivers/STM32L0xx_HAL_Driver/Src/stm32l0xx_hal_uart.o src/_ST_Drivers/STM32L0xx_HAL_Driver/Src/stm32l0xx_hal_uart_ex.o src/_ST_Drivers/STM32L0xx_HAL_Driver/Src/stm32l0xx_hal_usart.o src/_ST_Drivers/STM32L0xx_HAL_Driver/Src/stm32l0xx_hal_wwdg.o -mthumb -mcpu=cortex-m0plus -T../stm32_flash.ld -specs=nosys.specs -static -Wl,-cref,-u,Reset_Handler -Wl,-Map=CentralUnit.map -Wl,--gc-sections -Wl,--defsym=malloc_getpagesize_P=0x80 -Wl,--start-group -lc -lm -Wl,--end-group -specs=nano.specs 
/opt/Atollic_TrueSTUDIO_for_STM32_x86_64_9.1.0/ide/jre/bin/java -jar /opt/Atollic_TrueSTUDIO_for_STM32_x86_64_9.1.0/Tools/arm-atollic-reports.jar sizeinfo list CentralUnit.elf 
Generate build reports...
Print size information
   text	   data	    bss	    dec	    hex	filename
  26872	    112	   3572	  30556	   775c	CentralUnit.elf
Print size information done
Generate listing file
Output sent to: CentralUnit.list
Generate listing file done
Generate build reports done
Info: Parallel threads used: 8
19:40:41 **** Incremental Build of configuration Debug for project CentralUnit ****
Info: Internal Builder is used for build
Info: Parallel threads used: 0
19:42:45 **** Incremental Build of configuration Debug for project CentralUnit ****
Info: Internal Builder is used for build
Info: Parallel threads used: 0
